============================= test session starts =============================
platform win32 -- Python 3.12.10, pytest-8.4.2, pluggy-1.6.0 -- C:\Users\Admin\AppData\Local\Programs\Python\Python312\python.exe
cachedir: .pytest_cache
rootdir: C:\private\aibuilder\api-test-framework
configfile: pyproject.toml
plugins: anyio-4.13.0, asyncio-0.24.0, cov-5.0.0, env-1.2.0, xdist-3.8.0, respx-0.23.1
asyncio: mode=Mode.STRICT, default_loop_scope=None
collecting ... collected 8 items

testcases/local/test_user_api.yaml::��¼��ȡ JWT Token FAILED            [ 12%]
testcases/local/test_user_api.yaml::GET ��ѯĬ���û� 
-------------------------------- live log call --------------------------------
2026-06-04 15:18:24 [INFO    ] framework.parser: {'filename': 'test_user_api.yaml', 'case_count': 8, 'suite_name': '�����û�����ӿڲ���', 'event': 'file_parsed', 'level': 'info', 'logger': 'framework.parser', 'timestamp': '2026-06-04T15:18:24.383377', 'trace_id': '0fc85b1b'}
2026-06-04 15:18:24 [INFO    ] framework.config: {'event': '���ü������: env=local, base_url=http://127.0.0.1:8011', 'level': 'info', 'logger': 'framework.config', 'timestamp': '2026-06-04T15:18:24.391653', 'trace_id': '5a356efd'}
2026-06-04 15:18:24 [INFO    ] framework.plugin.manager: {'event': "�Զ����� 1 �����: ['auth_manager']", 'level': 'info', 'logger': 'framework.plugin.manager', 'timestamp': '2026-06-04T15:18:24.395550', 'trace_id': '30fb0da2'}
2026-06-04 15:18:24 [INFO    ] framework.runner: {'count': 1, 'names': ['auth_manager'], 'event': 'plugins_loaded', 'level': 'info', 'logger': 'framework.runner', 'timestamp': '2026-06-04T15:18:24.395550', 'trace_id': '6904c5bb'}
2026-06-04 15:18:24 [INFO    ] framework.client: {'method': 'GET', 'url': '/api/user', 'body_type': None, 'event': 'request_started', 'trace_id': 'GET ��ѯĬ���û�-c2f1a218', 'level': 'info', 'logger': 'framework.client', 'timestamp': '2026-06-04T15:18:24.397549'}
2026-06-04 15:18:24 [WARNING ] framework.retry: {'event': "�쳣 LocalProtocolError: Illegal header value b'Bearer ' �������� (1/3), �ȴ� 1s", 'trace_id': 'GET ��ѯĬ���û�-c2f1a218', 'level': 'warning', 'logger': 'framework.retry', 'timestamp': '2026-06-04T15:18:24.401550'}
2026-06-04 15:18:25 [WARNING ] framework.retry: {'event': "�쳣 LocalProtocolError: Illegal header value b'Bearer ' �������� (2/3), �ȴ� 1.0s", 'trace_id': 'GET ��ѯĬ���û�-c2f1a218', 'level': 'warning', 'logger': 'framework.retry', 'timestamp': '2026-06-04T15:18:25.403166'}
2026-06-04 15:18:26 [WARNING ] framework.retry: {'event': "�쳣 LocalProtocolError: Illegal header value b'Bearer ' �������� (3/3), �ȴ� 1.0s", 'trace_id': 'GET ��ѯĬ���û�-c2f1a218', 'level': 'warning', 'logger': 'framework.retry', 'timestamp': '2026-06-04T15:18:26.405167'}
2026-06-04 15:18:27 [ERROR   ] framework.retry: {'event': "���� 3 �κ���Ȼʧ��: Illegal header value b'Bearer '", 'trace_id': 'GET ��ѯĬ���û�-c2f1a218', 'level': 'error', 'logger': 'framework.retry', 'timestamp': '2026-06-04T15:18:27.407685'}
2026-06-04 15:18:27 [WARNING ] framework.plugin.auth: {'event': 'Token �ѹ��ڣ�����: GET ��ѯĬ���û�', 'trace_id': 'GET ��ѯĬ���û�-c2f1a218', 'level': 'warning', 'logger': 'framework.plugin.auth', 'timestamp': '2026-06-04T15:18:27.407685'}
2026-06-04 15:18:27 [ERROR   ] framework.runner: {'case_name': 'GET ��ѯĬ���û�', 'error': "Illegal header value b'Bearer '", 'event': 'case_execution_error', 'trace_id': 'GET ��ѯĬ���û�-c2f1a218', 'level': 'error', 'logger': 'framework.runner', 'timestamp': '2026-06-04T15:18:27.407685', 'exception': 'Traceback (most recent call last):\n  File "C:\\Users\\Admin\\AppData\\Local\\Programs\\Python\\Python312\\Lib\\site-packages\\httpx\\_transports\\default.py", line 101, in map_httpcore_exceptions\n    yield\n  File "C:\\Users\\Admin\\AppData\\Local\\Programs\\Python\\Python312\\Lib\\site-packages\\httpx\\_transports\\default.py", line 250, in handle_request\n    resp = self._pool.handle_request(req)\n           ^^^^^^^^^^^^^^^^^^^^^^^^^^^^^^\n  File "C:\\Users\\Admin\\AppData\\Local\\Programs\\Python\\Python312\\Lib\\site-packages\\httpcore\\_sync\\connection_pool.py", line 256, in handle_request\n    raise exc from None\n  File "C:\\Users\\Admin\\AppData\\Local\\Programs\\Python\\Python312\\Lib\\site-packages\\httpcore\\_sync\\connection_pool.py", line 236, in handle_request\n    response = connection.handle_request(\n               ^^^^^^^^^^^^^^^^^^^^^^^^^^\n  File "C:\\Users\\Admin\\AppData\\Local\\Programs\\Python\\Python312\\Lib\\site-packages\\httpcore\\_sync\\connection.py", line 103, in handle_request\n    return self._connection.handle_request(request)\n           ^^^^^^^^^^^^^^^^^^^^^^^^^^^^^^^^^^^^^^^^\n  File "C:\\Users\\Admin\\AppData\\Local\\Programs\\Python\\Python312\\Lib\\site-packages\\httpcore\\_sync\\http11.py", line 136, in handle_request\n    raise exc\n  File "C:\\Users\\Admin\\AppData\\Local\\Programs\\Python\\Python312\\Lib\\site-packages\\httpcore\\_sync\\http11.py", line 86, in handle_request\n    self._send_request_headers(**kwargs)\n  File "C:\\Users\\Admin\\AppData\\Local\\Programs\\Python\\Python312\\Lib\\site-packages\\httpcore\\_sync\\http11.py", line 144, in _send_request_headers\n    with map_exceptions({h11.LocalProtocolError: LocalProtocolError}):\n         ^^^^^^^^^^^^^^^^^^^^^^^^^^^^^^^^^^^^^^^^^^^^^^^^^^^^^^^^^^^^\n  File "C:\\Users\\Admin\\AppData\\Local\\Programs\\Python\\Python312\\Lib\\contextlib.py", line 158, in __exit__\n    self.gen.throw(value)\n  File "C:\\Users\\Admin\\AppData\\Local\\Programs\\Python\\Python312\\Lib\\site-packages\\httpcore\\_exceptions.py", line 14, in map_exceptions\n    raise to_exc(exc) from exc\nhttpcore.LocalProtocolError: Illegal header value b\'Bearer \'\n\nThe above exception was the direct cause of the following exception:\n\nTraceback (most recent call last):\n  File "C:\\private\\aibuilder\\api-test-framework\\framework\\runner.py", line 278, in run_case\n    case_result = executor.execute(case, self._context, variables)\n                  ^^^^^^^^^^^^^^^^^^^^^^^^^^^^^^^^^^^^^^^^^^^^^^^^\n  File "C:\\private\\aibuilder\\api-test-framework\\framework\\executors\\http_executor.py", line 92, in execute\n    response = self._http_client.request(rendered_req, variables)\n               ^^^^^^^^^^^^^^^^^^^^^^^^^^^^^^^^^^^^^^^^^^^^^^^^^^\n  File "C:\\private\\aibuilder\\api-test-framework\\framework\\client.py", line 130, in request\n    response = self._send_with_retry(**kwargs)\n               ^^^^^^^^^^^^^^^^^^^^^^^^^^^^^^^\n  File "C:\\private\\aibuilder\\api-test-framework\\framework\\client.py", line 180, in _send_with_retry\n    return send_fn(**kwargs)  # type: ignore[no-any-return]\n           ^^^^^^^^^^^^^^^^^\n  File "C:\\private\\aibuilder\\api-test-framework\\framework\\utils\\retry.py", line 67, in wrapper\n    raise last_exception  # type: ignore[misc]\n    ^^^^^^^^^^^^^^^^^^^^\n  File "C:\\private\\aibuilder\\api-test-framework\\framework\\utils\\retry.py", line 39, in wrapper\n    result = func(*args, **kwargs)\n             ^^^^^^^^^^^^^^^^^^^^^\n  File "C:\\Users\\Admin\\AppData\\Local\\Programs\\Python\\Python312\\Lib\\site-packages\\httpx\\_client.py", line 825, in request\n    return self.send(request, auth=auth, follow_redirects=follow_redirects)\n           ^^^^^^^^^^^^^^^^^^^^^^^^^^^^^^^^^^^^^^^^^^^^^^^^^^^^^^^^^^^^^^^^\n  File "C:\\Users\\Admin\\AppData\\Local\\Programs\\Python\\Python312\\Lib\\site-packages\\httpx\\_client.py", line 914, in send\n    response = self._send_handling_auth(\n               ^^^^^^^^^^^^^^^^^^^^^^^^^\n  File "C:\\Users\\Admin\\AppData\\Local\\Programs\\Python\\Python312\\Lib\\site-packages\\httpx\\_client.py", line 942, in _send_handling_auth\n    response = self._send_handling_redirects(\n               ^^^^^^^^^^^^^^^^^^^^^^^^^^^^^^\n  File "C:\\Users\\Admin\\AppData\\Local\\Programs\\Python\\Python312\\Lib\\site-packages\\httpx\\_client.py", line 979, in _send_handling_redirects\n    response = self._send_single_request(request)\n               ^^^^^^^^^^^^^^^^^^^^^^^^^^^^^^^^^^\n  File "C:\\Users\\Admin\\AppData\\Local\\Programs\\Python\\Python312\\Lib\\site-packages\\httpx\\_client.py", line 1014, in _send_single_request\n    response = transport.handle_request(request)\n               ^^^^^^^^^^^^^^^^^^^^^^^^^^^^^^^^^\n  File "C:\\Users\\Admin\\AppData\\Local\\Programs\\Python\\Python312\\Lib\\site-packages\\httpx\\_transports\\default.py", line 249, in handle_request\n    with map_httpcore_exceptions():\n         ^^^^^^^^^^^^^^^^^^^^^^^^^\n  File "C:\\Users\\Admin\\AppData\\Local\\Programs\\Python\\Python312\\Lib\\contextlib.py", line 158, in __exit__\n    self.gen.throw(value)\n  File "C:\\Users\\Admin\\AppData\\Local\\Programs\\Python\\Python312\\Lib\\site-packages\\httpx\\_transports\\default.py", line 118, in map_httpcore_exceptions\n    raise mapped_exc(message) from exc\nhttpx.LocalProtocolError: Illegal header value b\'Bearer \''}
2026-06-04 15:18:27 [INFO    ] framework.runner: {'case_name': 'GET ��ѯĬ���û�', 'status': 'FAIL', 'elapsed_ms': 3016, 'error': "Illegal header value b'Bearer '", 'event': 'case_completed', 'trace_id': 'GET ��ѯĬ���û�-c2f1a218', 'level': 'info', 'logger': 'framework.runner', 'timestamp': '2026-06-04T15:18:27.411685'}
FAILED                                                                   [ 25%]
testcases/local/test_user_api.yaml::GET ��ѯָ���û� 
-------------------------------- live log call --------------------------------
2026-06-04 15:18:27 [INFO    ] framework.parser: {'filename': 'test_user_api.yaml', 'case_count': 8, 'suite_name': '�����û�����ӿڲ���', 'event': 'file_parsed', 'level': 'info', 'logger': 'framework.parser', 'timestamp': '2026-06-04T15:18:27.421229', 'trace_id': 'a792e671'}
2026-06-04 15:18:27 [INFO    ] framework.config: {'event': '���ü������: env=local, base_url=http://127.0.0.1:8011', 'level': 'info', 'logger': 'framework.config', 'timestamp': '2026-06-04T15:18:27.427229', 'trace_id': '93f54f60'}
2026-06-04 15:18:27 [INFO    ] framework.plugin.manager: {'event': "�Զ����� 1 �����: ['auth_manager']", 'level': 'info', 'logger': 'framework.plugin.manager', 'timestamp': '2026-06-04T15:18:27.430278', 'trace_id': '4ea57693'}
2026-06-04 15:18:27 [INFO    ] framework.runner: {'count': 1, 'names': ['auth_manager'], 'event': 'plugins_loaded', 'level': 'info', 'logger': 'framework.runner', 'timestamp': '2026-06-04T15:18:27.430278', 'trace_id': '90be19d2'}
2026-06-04 15:18:27 [INFO    ] framework.client: {'method': 'GET', 'url': '/api/user', 'body_type': None, 'event': 'request_started', 'trace_id': 'GET ��ѯָ���û�-6958708e', 'level': 'info', 'logger': 'framework.client', 'timestamp': '2026-06-04T15:18:27.430798'}
2026-06-04 15:18:27 [WARNING ] framework.retry: {'event': "�쳣 LocalProtocolError: Illegal header value b'Bearer ' �������� (1/3), �ȴ� 1s", 'trace_id': 'GET ��ѯָ���û�-6958708e', 'level': 'warning', 'logger': 'framework.retry', 'timestamp': '2026-06-04T15:18:27.431799'}
2026-06-04 15:18:28 [WARNING ] framework.retry: {'event': "�쳣 LocalProtocolError: Illegal header value b'Bearer ' �������� (2/3), �ȴ� 1.0s", 'trace_id': 'GET ��ѯָ���û�-6958708e', 'level': 'warning', 'logger': 'framework.retry', 'timestamp': '2026-06-04T15:18:28.434669'}
2026-06-04 15:18:29 [WARNING ] framework.retry: {'event': "�쳣 LocalProtocolError: Illegal header value b'Bearer ' �������� (3/3), �ȴ� 1.0s", 'trace_id': 'GET ��ѯָ���û�-6958708e', 'level': 'warning', 'logger': 'framework.retry', 'timestamp': '2026-06-04T15:18:29.436817'}
2026-06-04 15:18:30 [ERROR   ] framework.retry: {'event': "���� 3 �κ���Ȼʧ��: Illegal header value b'Bearer '", 'trace_id': 'GET ��ѯָ���û�-6958708e', 'level': 'error', 'logger': 'framework.retry', 'timestamp': '2026-06-04T15:18:30.454813'}
2026-06-04 15:18:30 [WARNING ] framework.plugin.auth: {'event': 'Token �ѹ��ڣ�����: GET ��ѯָ���û�', 'trace_id': 'GET ��ѯָ���û�-6958708e', 'level': 'warning', 'logger': 'framework.plugin.auth', 'timestamp': '2026-06-04T15:18:30.455824'}
2026-06-04 15:18:30 [ERROR   ] framework.runner: {'case_name': 'GET ��ѯָ���û�', 'error': "Illegal header value b'Bearer '", 'event': 'case_execution_error', 'trace_id': 'GET ��ѯָ���û�-6958708e', 'level': 'error', 'logger': 'framework.runner', 'timestamp': '2026-06-04T15:18:30.455824', 'exception': 'Traceback (most recent call last):\n  File "C:\\Users\\Admin\\AppData\\Local\\Programs\\Python\\Python312\\Lib\\site-packages\\httpx\\_transports\\default.py", line 101, in map_httpcore_exceptions\n    yield\n  File "C:\\Users\\Admin\\AppData\\Local\\Programs\\Python\\Python312\\Lib\\site-packages\\httpx\\_transports\\default.py", line 250, in handle_request\n    resp = self._pool.handle_request(req)\n           ^^^^^^^^^^^^^^^^^^^^^^^^^^^^^^\n  File "C:\\Users\\Admin\\AppData\\Local\\Programs\\Python\\Python312\\Lib\\site-packages\\httpcore\\_sync\\connection_pool.py", line 256, in handle_request\n    raise exc from None\n  File "C:\\Users\\Admin\\AppData\\Local\\Programs\\Python\\Python312\\Lib\\site-packages\\httpcore\\_sync\\connection_pool.py", line 236, in handle_request\n    response = connection.handle_request(\n               ^^^^^^^^^^^^^^^^^^^^^^^^^^\n  File "C:\\Users\\Admin\\AppData\\Local\\Programs\\Python\\Python312\\Lib\\site-packages\\httpcore\\_sync\\connection.py", line 103, in handle_request\n    return self._connection.handle_request(request)\n           ^^^^^^^^^^^^^^^^^^^^^^^^^^^^^^^^^^^^^^^^\n  File "C:\\Users\\Admin\\AppData\\Local\\Programs\\Python\\Python312\\Lib\\site-packages\\httpcore\\_sync\\http11.py", line 136, in handle_request\n    raise exc\n  File "C:\\Users\\Admin\\AppData\\Local\\Programs\\Python\\Python312\\Lib\\site-packages\\httpcore\\_sync\\http11.py", line 86, in handle_request\n    self._send_request_headers(**kwargs)\n  File "C:\\Users\\Admin\\AppData\\Local\\Programs\\Python\\Python312\\Lib\\site-packages\\httpcore\\_sync\\http11.py", line 144, in _send_request_headers\n    with map_exceptions({h11.LocalProtocolError: LocalProtocolError}):\n         ^^^^^^^^^^^^^^^^^^^^^^^^^^^^^^^^^^^^^^^^^^^^^^^^^^^^^^^^^^^^\n  File "C:\\Users\\Admin\\AppData\\Local\\Programs\\Python\\Python312\\Lib\\contextlib.py", line 158, in __exit__\n    self.gen.throw(value)\n  File "C:\\Users\\Admin\\AppData\\Local\\Programs\\Python\\Python312\\Lib\\site-packages\\httpcore\\_exceptions.py", line 14, in map_exceptions\n    raise to_exc(exc) from exc\nhttpcore.LocalProtocolError: Illegal header value b\'Bearer \'\n\nThe above exception was the direct cause of the following exception:\n\nTraceback (most recent call last):\n  File "C:\\private\\aibuilder\\api-test-framework\\framework\\runner.py", line 278, in run_case\n    case_result = executor.execute(case, self._context, variables)\n                  ^^^^^^^^^^^^^^^^^^^^^^^^^^^^^^^^^^^^^^^^^^^^^^^^\n  File "C:\\private\\aibuilder\\api-test-framework\\framework\\executors\\http_executor.py", line 92, in execute\n    response = self._http_client.request(rendered_req, variables)\n               ^^^^^^^^^^^^^^^^^^^^^^^^^^^^^^^^^^^^^^^^^^^^^^^^^^\n  File "C:\\private\\aibuilder\\api-test-framework\\framework\\client.py", line 130, in request\n    response = self._send_with_retry(**kwargs)\n               ^^^^^^^^^^^^^^^^^^^^^^^^^^^^^^^\n  File "C:\\private\\aibuilder\\api-test-framework\\framework\\client.py", line 180, in _send_with_retry\n    return send_fn(**kwargs)  # type: ignore[no-any-return]\n           ^^^^^^^^^^^^^^^^^\n  File "C:\\private\\aibuilder\\api-test-framework\\framework\\utils\\retry.py", line 67, in wrapper\n    raise last_exception  # type: ignore[misc]\n    ^^^^^^^^^^^^^^^^^^^^\n  File "C:\\private\\aibuilder\\api-test-framework\\framework\\utils\\retry.py", line 39, in wrapper\n    result = func(*args, **kwargs)\n             ^^^^^^^^^^^^^^^^^^^^^\n  File "C:\\Users\\Admin\\AppData\\Local\\Programs\\Python\\Python312\\Lib\\site-packages\\httpx\\_client.py", line 825, in request\n    return self.send(request, auth=auth, follow_redirects=follow_redirects)\n           ^^^^^^^^^^^^^^^^^^^^^^^^^^^^^^^^^^^^^^^^^^^^^^^^^^^^^^^^^^^^^^^^\n  File "C:\\Users\\Admin\\AppData\\Local\\Programs\\Python\\Python312\\Lib\\site-packages\\httpx\\_client.py", line 914, in send\n    response = self._send_handling_auth(\n               ^^^^^^^^^^^^^^^^^^^^^^^^^\n  File "C:\\Users\\Admin\\AppData\\Local\\Programs\\Python\\Python312\\Lib\\site-packages\\httpx\\_client.py", line 942, in _send_handling_auth\n    response = self._send_handling_redirects(\n               ^^^^^^^^^^^^^^^^^^^^^^^^^^^^^^\n  File "C:\\Users\\Admin\\AppData\\Local\\Programs\\Python\\Python312\\Lib\\site-packages\\httpx\\_client.py", line 979, in _send_handling_redirects\n    response = self._send_single_request(request)\n               ^^^^^^^^^^^^^^^^^^^^^^^^^^^^^^^^^^\n  File "C:\\Users\\Admin\\AppData\\Local\\Programs\\Python\\Python312\\Lib\\site-packages\\httpx\\_client.py", line 1014, in _send_single_request\n    response = transport.handle_request(request)\n               ^^^^^^^^^^^^^^^^^^^^^^^^^^^^^^^^^\n  File "C:\\Users\\Admin\\AppData\\Local\\Programs\\Python\\Python312\\Lib\\site-packages\\httpx\\_transports\\default.py", line 249, in handle_request\n    with map_httpcore_exceptions():\n         ^^^^^^^^^^^^^^^^^^^^^^^^^\n  File "C:\\Users\\Admin\\AppData\\Local\\Programs\\Python\\Python312\\Lib\\contextlib.py", line 158, in __exit__\n    self.gen.throw(value)\n  File "C:\\Users\\Admin\\AppData\\Local\\Programs\\Python\\Python312\\Lib\\site-packages\\httpx\\_transports\\default.py", line 118, in map_httpcore_exceptions\n    raise mapped_exc(message) from exc\nhttpx.LocalProtocolError: Illegal header value b\'Bearer \''}
2026-06-04 15:18:30 [INFO    ] framework.runner: {'case_name': 'GET ��ѯָ���û�', 'status': 'FAIL', 'elapsed_ms': 3027, 'error': "Illegal header value b'Bearer '", 'event': 'case_completed', 'trace_id': 'GET ��ѯָ���û�-6958708e', 'level': 'info', 'logger': 'framework.runner', 'timestamp': '2026-06-04T15:18:30.457811'}
FAILED                                                                   [ 37%]
testcases/local/test_user_api.yaml::POST �����û� 
-------------------------------- live log call --------------------------------
2026-06-04 15:18:30 [INFO    ] framework.parser: {'filename': 'test_user_api.yaml', 'case_count': 8, 'suite_name': '�����û�����ӿڲ���', 'event': 'file_parsed', 'level': 'info', 'logger': 'framework.parser', 'timestamp': '2026-06-04T15:18:30.468813', 'trace_id': 'd3674fe0'}
2026-06-04 15:18:30 [INFO    ] framework.config: {'event': '���ü������: env=local, base_url=http://127.0.0.1:8011', 'level': 'info', 'logger': 'framework.config', 'timestamp': '2026-06-04T15:18:30.475812', 'trace_id': '531ead88'}
2026-06-04 15:18:30 [INFO    ] framework.plugin.manager: {'event': "�Զ����� 1 �����: ['auth_manager']", 'level': 'info', 'logger': 'framework.plugin.manager', 'timestamp': '2026-06-04T15:18:30.477813', 'trace_id': 'be1e60fb'}
2026-06-04 15:18:30 [INFO    ] framework.runner: {'count': 1, 'names': ['auth_manager'], 'event': 'plugins_loaded', 'level': 'info', 'logger': 'framework.runner', 'timestamp': '2026-06-04T15:18:30.477813', 'trace_id': '108154f3'}
2026-06-04 15:18:30 [INFO    ] framework.client: {'method': 'POST', 'url': '/api/user', 'body_type': 'json', 'event': 'request_started', 'trace_id': 'POST �����û�-ad6b883d', 'level': 'info', 'logger': 'framework.client', 'timestamp': '2026-06-04T15:18:30.479813'}
2026-06-04 15:18:30 [WARNING ] framework.retry: {'event': "�쳣 LocalProtocolError: Illegal header value b'Bearer ' �������� (1/3), �ȴ� 1s", 'trace_id': 'POST �����û�-ad6b883d', 'level': 'warning', 'logger': 'framework.retry', 'timestamp': '2026-06-04T15:18:30.480813'}
2026-06-04 15:18:31 [WARNING ] framework.retry: {'event': "�쳣 LocalProtocolError: Illegal header value b'Bearer ' �������� (2/3), �ȴ� 1.0s", 'trace_id': 'POST �����û�-ad6b883d', 'level': 'warning', 'logger': 'framework.retry', 'timestamp': '2026-06-04T15:18:31.482193'}
2026-06-04 15:18:32 [WARNING ] framework.retry: {'event': "�쳣 LocalProtocolError: Illegal header value b'Bearer ' �������� (3/3), �ȴ� 1.0s", 'trace_id': 'POST �����û�-ad6b883d', 'level': 'warning', 'logger': 'framework.retry', 'timestamp': '2026-06-04T15:18:32.484325'}
2026-06-04 15:18:33 [ERROR   ] framework.retry: {'event': "���� 3 �κ���Ȼʧ��: Illegal header value b'Bearer '", 'trace_id': 'POST �����û�-ad6b883d', 'level': 'error', 'logger': 'framework.retry', 'timestamp': '2026-06-04T15:18:33.486824'}
2026-06-04 15:18:33 [WARNING ] framework.plugin.auth: {'event': 'Token �ѹ��ڣ�����: POST �����û�', 'trace_id': 'POST �����û�-ad6b883d', 'level': 'warning', 'logger': 'framework.plugin.auth', 'timestamp': '2026-06-04T15:18:33.486824'}
2026-06-04 15:18:33 [ERROR   ] framework.runner: {'case_name': 'POST �����û�', 'error': "Illegal header value b'Bearer '", 'event': 'case_execution_error', 'trace_id': 'POST �����û�-ad6b883d', 'level': 'error', 'logger': 'framework.runner', 'timestamp': '2026-06-04T15:18:33.486824', 'exception': 'Traceback (most recent call last):\n  File "C:\\Users\\Admin\\AppData\\Local\\Programs\\Python\\Python312\\Lib\\site-packages\\httpx\\_transports\\default.py", line 101, in map_httpcore_exceptions\n    yield\n  File "C:\\Users\\Admin\\AppData\\Local\\Programs\\Python\\Python312\\Lib\\site-packages\\httpx\\_transports\\default.py", line 250, in handle_request\n    resp = self._pool.handle_request(req)\n           ^^^^^^^^^^^^^^^^^^^^^^^^^^^^^^\n  File "C:\\Users\\Admin\\AppData\\Local\\Programs\\Python\\Python312\\Lib\\site-packages\\httpcore\\_sync\\connection_pool.py", line 256, in handle_request\n    raise exc from None\n  File "C:\\Users\\Admin\\AppData\\Local\\Programs\\Python\\Python312\\Lib\\site-packages\\httpcore\\_sync\\connection_pool.py", line 236, in handle_request\n    response = connection.handle_request(\n               ^^^^^^^^^^^^^^^^^^^^^^^^^^\n  File "C:\\Users\\Admin\\AppData\\Local\\Programs\\Python\\Python312\\Lib\\site-packages\\httpcore\\_sync\\connection.py", line 103, in handle_request\n    return self._connection.handle_request(request)\n           ^^^^^^^^^^^^^^^^^^^^^^^^^^^^^^^^^^^^^^^^\n  File "C:\\Users\\Admin\\AppData\\Local\\Programs\\Python\\Python312\\Lib\\site-packages\\httpcore\\_sync\\http11.py", line 136, in handle_request\n    raise exc\n  File "C:\\Users\\Admin\\AppData\\Local\\Programs\\Python\\Python312\\Lib\\site-packages\\httpcore\\_sync\\http11.py", line 86, in handle_request\n    self._send_request_headers(**kwargs)\n  File "C:\\Users\\Admin\\AppData\\Local\\Programs\\Python\\Python312\\Lib\\site-packages\\httpcore\\_sync\\http11.py", line 144, in _send_request_headers\n    with map_exceptions({h11.LocalProtocolError: LocalProtocolError}):\n         ^^^^^^^^^^^^^^^^^^^^^^^^^^^^^^^^^^^^^^^^^^^^^^^^^^^^^^^^^^^^\n  File "C:\\Users\\Admin\\AppData\\Local\\Programs\\Python\\Python312\\Lib\\contextlib.py", line 158, in __exit__\n    self.gen.throw(value)\n  File "C:\\Users\\Admin\\AppData\\Local\\Programs\\Python\\Python312\\Lib\\site-packages\\httpcore\\_exceptions.py", line 14, in map_exceptions\n    raise to_exc(exc) from exc\nhttpcore.LocalProtocolError: Illegal header value b\'Bearer \'\n\nThe above exception was the direct cause of the following exception:\n\nTraceback (most recent call last):\n  File "C:\\private\\aibuilder\\api-test-framework\\framework\\runner.py", line 278, in run_case\n    case_result = executor.execute(case, self._context, variables)\n                  ^^^^^^^^^^^^^^^^^^^^^^^^^^^^^^^^^^^^^^^^^^^^^^^^\n  File "C:\\private\\aibuilder\\api-test-framework\\framework\\executors\\http_executor.py", line 92, in execute\n    response = self._http_client.request(rendered_req, variables)\n               ^^^^^^^^^^^^^^^^^^^^^^^^^^^^^^^^^^^^^^^^^^^^^^^^^^\n  File "C:\\private\\aibuilder\\api-test-framework\\framework\\client.py", line 130, in request\n    response = self._send_with_retry(**kwargs)\n               ^^^^^^^^^^^^^^^^^^^^^^^^^^^^^^^\n  File "C:\\private\\aibuilder\\api-test-framework\\framework\\client.py", line 180, in _send_with_retry\n    return send_fn(**kwargs)  # type: ignore[no-any-return]\n           ^^^^^^^^^^^^^^^^^\n  File "C:\\private\\aibuilder\\api-test-framework\\framework\\utils\\retry.py", line 67, in wrapper\n    raise last_exception  # type: ignore[misc]\n    ^^^^^^^^^^^^^^^^^^^^\n  File "C:\\private\\aibuilder\\api-test-framework\\framework\\utils\\retry.py", line 39, in wrapper\n    result = func(*args, **kwargs)\n             ^^^^^^^^^^^^^^^^^^^^^\n  File "C:\\Users\\Admin\\AppData\\Local\\Programs\\Python\\Python312\\Lib\\site-packages\\httpx\\_client.py", line 825, in request\n    return self.send(request, auth=auth, follow_redirects=follow_redirects)\n           ^^^^^^^^^^^^^^^^^^^^^^^^^^^^^^^^^^^^^^^^^^^^^^^^^^^^^^^^^^^^^^^^\n  File "C:\\Users\\Admin\\AppData\\Local\\Programs\\Python\\Python312\\Lib\\site-packages\\httpx\\_client.py", line 914, in send\n    response = self._send_handling_auth(\n               ^^^^^^^^^^^^^^^^^^^^^^^^^\n  File "C:\\Users\\Admin\\AppData\\Local\\Programs\\Python\\Python312\\Lib\\site-packages\\httpx\\_client.py", line 942, in _send_handling_auth\n    response = self._send_handling_redirects(\n               ^^^^^^^^^^^^^^^^^^^^^^^^^^^^^^\n  File "C:\\Users\\Admin\\AppData\\Local\\Programs\\Python\\Python312\\Lib\\site-packages\\httpx\\_client.py", line 979, in _send_handling_redirects\n    response = self._send_single_request(request)\n               ^^^^^^^^^^^^^^^^^^^^^^^^^^^^^^^^^^\n  File "C:\\Users\\Admin\\AppData\\Local\\Programs\\Python\\Python312\\Lib\\site-packages\\httpx\\_client.py", line 1014, in _send_single_request\n    response = transport.handle_request(request)\n               ^^^^^^^^^^^^^^^^^^^^^^^^^^^^^^^^^\n  File "C:\\Users\\Admin\\AppData\\Local\\Programs\\Python\\Python312\\Lib\\site-packages\\httpx\\_transports\\default.py", line 249, in handle_request\n    with map_httpcore_exceptions():\n         ^^^^^^^^^^^^^^^^^^^^^^^^^\n  File "C:\\Users\\Admin\\AppData\\Local\\Programs\\Python\\Python312\\Lib\\contextlib.py", line 158, in __exit__\n    self.gen.throw(value)\n  File "C:\\Users\\Admin\\AppData\\Local\\Programs\\Python\\Python312\\Lib\\site-packages\\httpx\\_transports\\default.py", line 118, in map_httpcore_exceptions\n    raise mapped_exc(message) from exc\nhttpx.LocalProtocolError: Illegal header value b\'Bearer \''}
2026-06-04 15:18:33 [INFO    ] framework.runner: {'case_name': 'POST �����û�', 'status': 'FAIL', 'elapsed_ms': 3011, 'error': "Illegal header value b'Bearer '", 'event': 'case_completed', 'trace_id': 'POST �����û�-ad6b883d', 'level': 'info', 'logger': 'framework.runner', 'timestamp': '2026-06-04T15:18:33.488752'}
FAILED                                                                   [ 50%]
testcases/local/test_user_api.yaml::PUT �����û� 
-------------------------------- live log call --------------------------------
2026-06-04 15:18:33 [INFO    ] framework.parser: {'filename': 'test_user_api.yaml', 'case_count': 8, 'suite_name': '�����û�����ӿڲ���', 'event': 'file_parsed', 'level': 'info', 'logger': 'framework.parser', 'timestamp': '2026-06-04T15:18:33.498321', 'trace_id': 'b3578a5c'}
2026-06-04 15:18:33 [INFO    ] framework.config: {'event': '���ü������: env=local, base_url=http://127.0.0.1:8011', 'level': 'info', 'logger': 'framework.config', 'timestamp': '2026-06-04T15:18:33.506320', 'trace_id': 'c6e1f0f1'}
2026-06-04 15:18:33 [INFO    ] framework.plugin.manager: {'event': "�Զ����� 1 �����: ['auth_manager']", 'level': 'info', 'logger': 'framework.plugin.manager', 'timestamp': '2026-06-04T15:18:33.509322', 'trace_id': 'a04931c1'}
2026-06-04 15:18:33 [INFO    ] framework.runner: {'count': 1, 'names': ['auth_manager'], 'event': 'plugins_loaded', 'level': 'info', 'logger': 'framework.runner', 'timestamp': '2026-06-04T15:18:33.509322', 'trace_id': 'aa0f775f'}
2026-06-04 15:18:33 [INFO    ] framework.client: {'method': 'PUT', 'url': '/api/user', 'body_type': 'json', 'event': 'request_started', 'trace_id': 'PUT �����û�-862460fc', 'level': 'info', 'logger': 'framework.client', 'timestamp': '2026-06-04T15:18:33.509322'}
2026-06-04 15:18:33 [WARNING ] framework.retry: {'event': "�쳣 LocalProtocolError: Illegal header value b'Bearer ' �������� (1/3), �ȴ� 1s", 'trace_id': 'PUT �����û�-862460fc', 'level': 'warning', 'logger': 'framework.retry', 'timestamp': '2026-06-04T15:18:33.510901'}
2026-06-04 15:18:34 [WARNING ] framework.retry: {'event': "�쳣 LocalProtocolError: Illegal header value b'Bearer ' �������� (2/3), �ȴ� 1.0s", 'trace_id': 'PUT �����û�-862460fc', 'level': 'warning', 'logger': 'framework.retry', 'timestamp': '2026-06-04T15:18:34.530520'}
2026-06-04 15:18:35 [WARNING ] framework.retry: {'event': "�쳣 LocalProtocolError: Illegal header value b'Bearer ' �������� (3/3), �ȴ� 1.0s", 'trace_id': 'PUT �����û�-862460fc', 'level': 'warning', 'logger': 'framework.retry', 'timestamp': '2026-06-04T15:18:35.532532'}
2026-06-04 15:18:36 [ERROR   ] framework.retry: {'event': "���� 3 �κ���Ȼʧ��: Illegal header value b'Bearer '", 'trace_id': 'PUT �����û�-862460fc', 'level': 'error', 'logger': 'framework.retry', 'timestamp': '2026-06-04T15:18:36.533984'}
2026-06-04 15:18:36 [WARNING ] framework.plugin.auth: {'event': 'Token �ѹ��ڣ�����: PUT �����û�', 'trace_id': 'PUT �����û�-862460fc', 'level': 'warning', 'logger': 'framework.plugin.auth', 'timestamp': '2026-06-04T15:18:36.533984'}
2026-06-04 15:18:36 [ERROR   ] framework.runner: {'case_name': 'PUT �����û�', 'error': "Illegal header value b'Bearer '", 'event': 'case_execution_error', 'trace_id': 'PUT �����û�-862460fc', 'level': 'error', 'logger': 'framework.runner', 'timestamp': '2026-06-04T15:18:36.533984', 'exception': 'Traceback (most recent call last):\n  File "C:\\Users\\Admin\\AppData\\Local\\Programs\\Python\\Python312\\Lib\\site-packages\\httpx\\_transports\\default.py", line 101, in map_httpcore_exceptions\n    yield\n  File "C:\\Users\\Admin\\AppData\\Local\\Programs\\Python\\Python312\\Lib\\site-packages\\httpx\\_transports\\default.py", line 250, in handle_request\n    resp = self._pool.handle_request(req)\n           ^^^^^^^^^^^^^^^^^^^^^^^^^^^^^^\n  File "C:\\Users\\Admin\\AppData\\Local\\Programs\\Python\\Python312\\Lib\\site-packages\\httpcore\\_sync\\connection_pool.py", line 256, in handle_request\n    raise exc from None\n  File "C:\\Users\\Admin\\AppData\\Local\\Programs\\Python\\Python312\\Lib\\site-packages\\httpcore\\_sync\\connection_pool.py", line 236, in handle_request\n    response = connection.handle_request(\n               ^^^^^^^^^^^^^^^^^^^^^^^^^^\n  File "C:\\Users\\Admin\\AppData\\Local\\Programs\\Python\\Python312\\Lib\\site-packages\\httpcore\\_sync\\connection.py", line 103, in handle_request\n    return self._connection.handle_request(request)\n           ^^^^^^^^^^^^^^^^^^^^^^^^^^^^^^^^^^^^^^^^\n  File "C:\\Users\\Admin\\AppData\\Local\\Programs\\Python\\Python312\\Lib\\site-packages\\httpcore\\_sync\\http11.py", line 136, in handle_request\n    raise exc\n  File "C:\\Users\\Admin\\AppData\\Local\\Programs\\Python\\Python312\\Lib\\site-packages\\httpcore\\_sync\\http11.py", line 86, in handle_request\n    self._send_request_headers(**kwargs)\n  File "C:\\Users\\Admin\\AppData\\Local\\Programs\\Python\\Python312\\Lib\\site-packages\\httpcore\\_sync\\http11.py", line 144, in _send_request_headers\n    with map_exceptions({h11.LocalProtocolError: LocalProtocolError}):\n         ^^^^^^^^^^^^^^^^^^^^^^^^^^^^^^^^^^^^^^^^^^^^^^^^^^^^^^^^^^^^\n  File "C:\\Users\\Admin\\AppData\\Local\\Programs\\Python\\Python312\\Lib\\contextlib.py", line 158, in __exit__\n    self.gen.throw(value)\n  File "C:\\Users\\Admin\\AppData\\Local\\Programs\\Python\\Python312\\Lib\\site-packages\\httpcore\\_exceptions.py", line 14, in map_exceptions\n    raise to_exc(exc) from exc\nhttpcore.LocalProtocolError: Illegal header value b\'Bearer \'\n\nThe above exception was the direct cause of the following exception:\n\nTraceback (most recent call last):\n  File "C:\\private\\aibuilder\\api-test-framework\\framework\\runner.py", line 278, in run_case\n    case_result = executor.execute(case, self._context, variables)\n                  ^^^^^^^^^^^^^^^^^^^^^^^^^^^^^^^^^^^^^^^^^^^^^^^^\n  File "C:\\private\\aibuilder\\api-test-framework\\framework\\executors\\http_executor.py", line 92, in execute\n    response = self._http_client.request(rendered_req, variables)\n               ^^^^^^^^^^^^^^^^^^^^^^^^^^^^^^^^^^^^^^^^^^^^^^^^^^\n  File "C:\\private\\aibuilder\\api-test-framework\\framework\\client.py", line 130, in request\n    response = self._send_with_retry(**kwargs)\n               ^^^^^^^^^^^^^^^^^^^^^^^^^^^^^^^\n  File "C:\\private\\aibuilder\\api-test-framework\\framework\\client.py", line 180, in _send_with_retry\n    return send_fn(**kwargs)  # type: ignore[no-any-return]\n           ^^^^^^^^^^^^^^^^^\n  File "C:\\private\\aibuilder\\api-test-framework\\framework\\utils\\retry.py", line 67, in wrapper\n    raise last_exception  # type: ignore[misc]\n    ^^^^^^^^^^^^^^^^^^^^\n  File "C:\\private\\aibuilder\\api-test-framework\\framework\\utils\\retry.py", line 39, in wrapper\n    result = func(*args, **kwargs)\n             ^^^^^^^^^^^^^^^^^^^^^\n  File "C:\\Users\\Admin\\AppData\\Local\\Programs\\Python\\Python312\\Lib\\site-packages\\httpx\\_client.py", line 825, in request\n    return self.send(request, auth=auth, follow_redirects=follow_redirects)\n           ^^^^^^^^^^^^^^^^^^^^^^^^^^^^^^^^^^^^^^^^^^^^^^^^^^^^^^^^^^^^^^^^\n  File "C:\\Users\\Admin\\AppData\\Local\\Programs\\Python\\Python312\\Lib\\site-packages\\httpx\\_client.py", line 914, in send\n    response = self._send_handling_auth(\n               ^^^^^^^^^^^^^^^^^^^^^^^^^\n  File "C:\\Users\\Admin\\AppData\\Local\\Programs\\Python\\Python312\\Lib\\site-packages\\httpx\\_client.py", line 942, in _send_handling_auth\n    response = self._send_handling_redirects(\n               ^^^^^^^^^^^^^^^^^^^^^^^^^^^^^^\n  File "C:\\Users\\Admin\\AppData\\Local\\Programs\\Python\\Python312\\Lib\\site-packages\\httpx\\_client.py", line 979, in _send_handling_redirects\n    response = self._send_single_request(request)\n               ^^^^^^^^^^^^^^^^^^^^^^^^^^^^^^^^^^\n  File "C:\\Users\\Admin\\AppData\\Local\\Programs\\Python\\Python312\\Lib\\site-packages\\httpx\\_client.py", line 1014, in _send_single_request\n    response = transport.handle_request(request)\n               ^^^^^^^^^^^^^^^^^^^^^^^^^^^^^^^^^\n  File "C:\\Users\\Admin\\AppData\\Local\\Programs\\Python\\Python312\\Lib\\site-packages\\httpx\\_transports\\default.py", line 249, in handle_request\n    with map_httpcore_exceptions():\n         ^^^^^^^^^^^^^^^^^^^^^^^^^\n  File "C:\\Users\\Admin\\AppData\\Local\\Programs\\Python\\Python312\\Lib\\contextlib.py", line 158, in __exit__\n    self.gen.throw(value)\n  File "C:\\Users\\Admin\\AppData\\Local\\Programs\\Python\\Python312\\Lib\\site-packages\\httpx\\_transports\\default.py", line 118, in map_httpcore_exceptions\n    raise mapped_exc(message) from exc\nhttpx.LocalProtocolError: Illegal header value b\'Bearer \''}
2026-06-04 15:18:36 [INFO    ] framework.runner: {'case_name': 'PUT �����û�', 'status': 'FAIL', 'elapsed_ms': 3027, 'error': "Illegal header value b'Bearer '", 'event': 'case_completed', 'trace_id': 'PUT �����û�-862460fc', 'level': 'info', 'logger': 'framework.runner', 'timestamp': '2026-06-04T15:18:36.535982'}
FAILED                                                                   [ 62%]
testcases/local/test_user_api.yaml::DELETE ɾ���û� 
-------------------------------- live log call --------------------------------
2026-06-04 15:18:36 [INFO    ] framework.parser: {'filename': 'test_user_api.yaml', 'case_count': 8, 'suite_name': '�����û�����ӿڲ���', 'event': 'file_parsed', 'level': 'info', 'logger': 'framework.parser', 'timestamp': '2026-06-04T15:18:36.544982', 'trace_id': '3ccd5e41'}
2026-06-04 15:18:36 [INFO    ] framework.config: {'event': '���ü������: env=local, base_url=http://127.0.0.1:8011', 'level': 'info', 'logger': 'framework.config', 'timestamp': '2026-06-04T15:18:36.551982', 'trace_id': 'd8633876'}
2026-06-04 15:18:36 [INFO    ] framework.plugin.manager: {'event': "�Զ����� 1 �����: ['auth_manager']", 'level': 'info', 'logger': 'framework.plugin.manager', 'timestamp': '2026-06-04T15:18:36.553984', 'trace_id': 'dd9046b8'}
2026-06-04 15:18:36 [INFO    ] framework.runner: {'count': 1, 'names': ['auth_manager'], 'event': 'plugins_loaded', 'level': 'info', 'logger': 'framework.runner', 'timestamp': '2026-06-04T15:18:36.553984', 'trace_id': '3ad4d629'}
2026-06-04 15:18:36 [INFO    ] framework.client: {'method': 'DELETE', 'url': '/api/user', 'body_type': None, 'event': 'request_started', 'trace_id': 'DELETE ɾ���û�-f0accaf7', 'level': 'info', 'logger': 'framework.client', 'timestamp': '2026-06-04T15:18:36.554983'}
2026-06-04 15:18:36 [WARNING ] framework.retry: {'event': "�쳣 LocalProtocolError: Illegal header value b'Bearer ' �������� (1/3), �ȴ� 1s", 'trace_id': 'DELETE ɾ���û�-f0accaf7', 'level': 'warning', 'logger': 'framework.retry', 'timestamp': '2026-06-04T15:18:36.555982'}
2026-06-04 15:18:37 [WARNING ] framework.retry: {'event': "�쳣 LocalProtocolError: Illegal header value b'Bearer ' �������� (2/3), �ȴ� 1.0s", 'trace_id': 'DELETE ɾ���û�-f0accaf7', 'level': 'warning', 'logger': 'framework.retry', 'timestamp': '2026-06-04T15:18:37.577719'}
2026-06-04 15:18:38 [WARNING ] framework.retry: {'event': "�쳣 LocalProtocolError: Illegal header value b'Bearer ' �������� (3/3), �ȴ� 1.0s", 'trace_id': 'DELETE ɾ���û�-f0accaf7', 'level': 'warning', 'logger': 'framework.retry', 'timestamp': '2026-06-04T15:18:38.599986'}
2026-06-04 15:18:39 [ERROR   ] framework.retry: {'event': "���� 3 �κ���Ȼʧ��: Illegal header value b'Bearer '", 'trace_id': 'DELETE ɾ���û�-f0accaf7', 'level': 'error', 'logger': 'framework.retry', 'timestamp': '2026-06-04T15:18:39.603502'}
2026-06-04 15:18:39 [WARNING ] framework.plugin.auth: {'event': 'Token �ѹ��ڣ�����: DELETE ɾ���û�', 'trace_id': 'DELETE ɾ���û�-f0accaf7', 'level': 'warning', 'logger': 'framework.plugin.auth', 'timestamp': '2026-06-04T15:18:39.603502'}
2026-06-04 15:18:39 [ERROR   ] framework.runner: {'case_name': 'DELETE ɾ���û�', 'error': "Illegal header value b'Bearer '", 'event': 'case_execution_error', 'trace_id': 'DELETE ɾ���û�-f0accaf7', 'level': 'error', 'logger': 'framework.runner', 'timestamp': '2026-06-04T15:18:39.603502', 'exception': 'Traceback (most recent call last):\n  File "C:\\Users\\Admin\\AppData\\Local\\Programs\\Python\\Python312\\Lib\\site-packages\\httpx\\_transports\\default.py", line 101, in map_httpcore_exceptions\n    yield\n  File "C:\\Users\\Admin\\AppData\\Local\\Programs\\Python\\Python312\\Lib\\site-packages\\httpx\\_transports\\default.py", line 250, in handle_request\n    resp = self._pool.handle_request(req)\n           ^^^^^^^^^^^^^^^^^^^^^^^^^^^^^^\n  File "C:\\Users\\Admin\\AppData\\Local\\Programs\\Python\\Python312\\Lib\\site-packages\\httpcore\\_sync\\connection_pool.py", line 256, in handle_request\n    raise exc from None\n  File "C:\\Users\\Admin\\AppData\\Local\\Programs\\Python\\Python312\\Lib\\site-packages\\httpcore\\_sync\\connection_pool.py", line 236, in handle_request\n    response = connection.handle_request(\n               ^^^^^^^^^^^^^^^^^^^^^^^^^^\n  File "C:\\Users\\Admin\\AppData\\Local\\Programs\\Python\\Python312\\Lib\\site-packages\\httpcore\\_sync\\connection.py", line 103, in handle_request\n    return self._connection.handle_request(request)\n           ^^^^^^^^^^^^^^^^^^^^^^^^^^^^^^^^^^^^^^^^\n  File "C:\\Users\\Admin\\AppData\\Local\\Programs\\Python\\Python312\\Lib\\site-packages\\httpcore\\_sync\\http11.py", line 136, in handle_request\n    raise exc\n  File "C:\\Users\\Admin\\AppData\\Local\\Programs\\Python\\Python312\\Lib\\site-packages\\httpcore\\_sync\\http11.py", line 86, in handle_request\n    self._send_request_headers(**kwargs)\n  File "C:\\Users\\Admin\\AppData\\Local\\Programs\\Python\\Python312\\Lib\\site-packages\\httpcore\\_sync\\http11.py", line 144, in _send_request_headers\n    with map_exceptions({h11.LocalProtocolError: LocalProtocolError}):\n         ^^^^^^^^^^^^^^^^^^^^^^^^^^^^^^^^^^^^^^^^^^^^^^^^^^^^^^^^^^^^\n  File "C:\\Users\\Admin\\AppData\\Local\\Programs\\Python\\Python312\\Lib\\contextlib.py", line 158, in __exit__\n    self.gen.throw(value)\n  File "C:\\Users\\Admin\\AppData\\Local\\Programs\\Python\\Python312\\Lib\\site-packages\\httpcore\\_exceptions.py", line 14, in map_exceptions\n    raise to_exc(exc) from exc\nhttpcore.LocalProtocolError: Illegal header value b\'Bearer \'\n\nThe above exception was the direct cause of the following exception:\n\nTraceback (most recent call last):\n  File "C:\\private\\aibuilder\\api-test-framework\\framework\\runner.py", line 278, in run_case\n    case_result = executor.execute(case, self._context, variables)\n                  ^^^^^^^^^^^^^^^^^^^^^^^^^^^^^^^^^^^^^^^^^^^^^^^^\n  File "C:\\private\\aibuilder\\api-test-framework\\framework\\executors\\http_executor.py", line 92, in execute\n    response = self._http_client.request(rendered_req, variables)\n               ^^^^^^^^^^^^^^^^^^^^^^^^^^^^^^^^^^^^^^^^^^^^^^^^^^\n  File "C:\\private\\aibuilder\\api-test-framework\\framework\\client.py", line 130, in request\n    response = self._send_with_retry(**kwargs)\n               ^^^^^^^^^^^^^^^^^^^^^^^^^^^^^^^\n  File "C:\\private\\aibuilder\\api-test-framework\\framework\\client.py", line 180, in _send_with_retry\n    return send_fn(**kwargs)  # type: ignore[no-any-return]\n           ^^^^^^^^^^^^^^^^^\n  File "C:\\private\\aibuilder\\api-test-framework\\framework\\utils\\retry.py", line 67, in wrapper\n    raise last_exception  # type: ignore[misc]\n    ^^^^^^^^^^^^^^^^^^^^\n  File "C:\\private\\aibuilder\\api-test-framework\\framework\\utils\\retry.py", line 39, in wrapper\n    result = func(*args, **kwargs)\n             ^^^^^^^^^^^^^^^^^^^^^\n  File "C:\\Users\\Admin\\AppData\\Local\\Programs\\Python\\Python312\\Lib\\site-packages\\httpx\\_client.py", line 825, in request\n    return self.send(request, auth=auth, follow_redirects=follow_redirects)\n           ^^^^^^^^^^^^^^^^^^^^^^^^^^^^^^^^^^^^^^^^^^^^^^^^^^^^^^^^^^^^^^^^\n  File "C:\\Users\\Admin\\AppData\\Local\\Programs\\Python\\Python312\\Lib\\site-packages\\httpx\\_client.py", line 914, in send\n    response = self._send_handling_auth(\n               ^^^^^^^^^^^^^^^^^^^^^^^^^\n  File "C:\\Users\\Admin\\AppData\\Local\\Programs\\Python\\Python312\\Lib\\site-packages\\httpx\\_client.py", line 942, in _send_handling_auth\n    response = self._send_handling_redirects(\n               ^^^^^^^^^^^^^^^^^^^^^^^^^^^^^^\n  File "C:\\Users\\Admin\\AppData\\Local\\Programs\\Python\\Python312\\Lib\\site-packages\\httpx\\_client.py", line 979, in _send_handling_redirects\n    response = self._send_single_request(request)\n               ^^^^^^^^^^^^^^^^^^^^^^^^^^^^^^^^^^\n  File "C:\\Users\\Admin\\AppData\\Local\\Programs\\Python\\Python312\\Lib\\site-packages\\httpx\\_client.py", line 1014, in _send_single_request\n    response = transport.handle_request(request)\n               ^^^^^^^^^^^^^^^^^^^^^^^^^^^^^^^^^\n  File "C:\\Users\\Admin\\AppData\\Local\\Programs\\Python\\Python312\\Lib\\site-packages\\httpx\\_transports\\default.py", line 249, in handle_request\n    with map_httpcore_exceptions():\n         ^^^^^^^^^^^^^^^^^^^^^^^^^\n  File "C:\\Users\\Admin\\AppData\\Local\\Programs\\Python\\Python312\\Lib\\contextlib.py", line 158, in __exit__\n    self.gen.throw(value)\n  File "C:\\Users\\Admin\\AppData\\Local\\Programs\\Python\\Python312\\Lib\\site-packages\\httpx\\_transports\\default.py", line 118, in map_httpcore_exceptions\n    raise mapped_exc(message) from exc\nhttpx.LocalProtocolError: Illegal header value b\'Bearer \''}
2026-06-04 15:18:39 [INFO    ] framework.runner: {'case_name': 'DELETE ɾ���û�', 'status': 'FAIL', 'elapsed_ms': 3051, 'error': "Illegal header value b'Bearer '", 'event': 'case_completed', 'trace_id': 'DELETE ɾ���û�-f0accaf7', 'level': 'info', 'logger': 'framework.runner', 'timestamp': '2026-06-04T15:18:39.605590'}
FAILED                                                                   [ 75%]
testcases/local/test_user_api.yaml::δ��Ȩ���� GET �ӿ� 
-------------------------------- live log call --------------------------------
2026-06-04 15:18:39 [INFO    ] framework.parser: {'filename': 'test_user_api.yaml', 'case_count': 8, 'suite_name': '�����û�����ӿڲ���', 'event': 'file_parsed', 'level': 'info', 'logger': 'framework.parser', 'timestamp': '2026-06-04T15:18:39.615601', 'trace_id': 'a7782038'}
2026-06-04 15:18:39 [INFO    ] framework.config: {'event': '���ü������: env=local, base_url=http://127.0.0.1:8011', 'level': 'info', 'logger': 'framework.config', 'timestamp': '2026-06-04T15:18:39.623168', 'trace_id': '50e56031'}
2026-06-04 15:18:39 [INFO    ] framework.plugin.manager: {'event': "�Զ����� 1 �����: ['auth_manager']", 'level': 'info', 'logger': 'framework.plugin.manager', 'timestamp': '2026-06-04T15:18:39.626169', 'trace_id': '6fd2ef46'}
2026-06-04 15:18:39 [INFO    ] framework.runner: {'count': 1, 'names': ['auth_manager'], 'event': 'plugins_loaded', 'level': 'info', 'logger': 'framework.runner', 'timestamp': '2026-06-04T15:18:39.626169', 'trace_id': '42b54c6d'}
2026-06-04 15:18:39 [INFO    ] framework.client: {'method': 'GET', 'url': '/api/user', 'body_type': None, 'event': 'request_started', 'trace_id': 'δ��Ȩ���� GET �ӿ�-9699f4a6', 'level': 'info', 'logger': 'framework.client', 'timestamp': '2026-06-04T15:18:39.626169'}
2026-06-04 15:18:39 [INFO    ] httpx: HTTP Request: GET http://127.0.0.1:8011/api/user "HTTP/1.1 401 Unauthorized"
2026-06-04 15:18:39 [INFO    ] framework.client: {'method': 'GET', 'url': '/api/user', 'status_code': 401, 'elapsed_ms': 2, 'content_length': 30, 'event': 'request_completed', 'trace_id': 'δ��Ȩ���� GET �ӿ�-9699f4a6', 'level': 'info', 'logger': 'framework.client', 'timestamp': '2026-06-04T15:18:39.629173'}
2026-06-04 15:18:39 [WARNING ] framework.plugin.auth: {'event': 'Token �ѹ��ڣ�����: δ��Ȩ���� GET �ӿ�', 'trace_id': 'δ��Ȩ���� GET �ӿ�-9699f4a6', 'level': 'warning', 'logger': 'framework.plugin.auth', 'timestamp': '2026-06-04T15:18:39.645757'}
2026-06-04 15:18:39 [ERROR   ] framework.runner: {'case_name': 'δ��Ȩ���� GET �ӿ�', 'error': "'AssertionReport' object has no attribute 'passed_count'", 'event': 'case_execution_error', 'trace_id': 'δ��Ȩ���� GET �ӿ�-9699f4a6', 'level': 'error', 'logger': 'framework.runner', 'timestamp': '2026-06-04T15:18:39.646759', 'exception': 'Traceback (most recent call last):\n  File "C:\\private\\aibuilder\\api-test-framework\\framework\\runner.py", line 278, in run_case\n    case_result = executor.execute(case, self._context, variables)\n                  ^^^^^^^^^^^^^^^^^^^^^^^^^^^^^^^^^^^^^^^^^^^^^^^^\n  File "C:\\private\\aibuilder\\api-test-framework\\framework\\executors\\http_executor.py", line 108, in execute\n    assertion_report = self._assertion_engine.assert_response(\n                       ^^^^^^^^^^^^^^^^^^^^^^^^^^^^^^^^^^^^^^^\n  File "C:\\private\\aibuilder\\api-test-framework\\framework\\assertion.py", line 270, in assert_response\n    passed=report.passed_count,\n           ^^^^^^^^^^^^^^^^^^^\nAttributeError: \'AssertionReport\' object has no attribute \'passed_count\'. Did you mean: \'pass_count\'?'}
2026-06-04 15:18:39 [INFO    ] framework.runner: {'case_name': 'δ��Ȩ���� GET �ӿ�', 'status': 'FAIL', 'elapsed_ms': 22, 'error': "'AssertionReport' object has no attribute 'passed_count'", 'event': 'case_completed', 'trace_id': 'δ��Ȩ���� GET �ӿ�-9699f4a6', 'level': 'info', 'logger': 'framework.runner', 'timestamp': '2026-06-04T15:18:39.647759'}
FAILED                                                                   [ 87%]
testcases/local/test_user_api.yaml::δ��Ȩ���� POST �ӿ� 
-------------------------------- live log call --------------------------------
2026-06-04 15:18:39 [INFO    ] framework.parser: {'filename': 'test_user_api.yaml', 'case_count': 8, 'suite_name': '�����û�����ӿڲ���', 'event': 'file_parsed', 'level': 'info', 'logger': 'framework.parser', 'timestamp': '2026-06-04T15:18:39.657381', 'trace_id': '1d6d55f4'}
2026-06-04 15:18:39 [INFO    ] framework.config: {'event': '���ü������: env=local, base_url=http://127.0.0.1:8011', 'level': 'info', 'logger': 'framework.config', 'timestamp': '2026-06-04T15:18:39.664380', 'trace_id': '5c6f9754'}
2026-06-04 15:18:39 [INFO    ] framework.plugin.manager: {'event': "�Զ����� 1 �����: ['auth_manager']", 'level': 'info', 'logger': 'framework.plugin.manager', 'timestamp': '2026-06-04T15:18:39.667531', 'trace_id': '61b67dd4'}
2026-06-04 15:18:39 [INFO    ] framework.runner: {'count': 1, 'names': ['auth_manager'], 'event': 'plugins_loaded', 'level': 'info', 'logger': 'framework.runner', 'timestamp': '2026-06-04T15:18:39.668486', 'trace_id': 'f5e45aa3'}
2026-06-04 15:18:39 [INFO    ] framework.client: {'method': 'POST', 'url': '/api/user', 'body_type': 'json', 'event': 'request_started', 'trace_id': 'δ��Ȩ���� POST �ӿ�-06cfee02', 'level': 'info', 'logger': 'framework.client', 'timestamp': '2026-06-04T15:18:39.668486'}
2026-06-04 15:18:39 [INFO    ] httpx: HTTP Request: POST http://127.0.0.1:8011/api/user "HTTP/1.1 401 Unauthorized"
2026-06-04 15:18:39 [INFO    ] framework.client: {'method': 'POST', 'url': '/api/user', 'status_code': 401, 'elapsed_ms': 2, 'content_length': 30, 'event': 'request_completed', 'trace_id': 'δ��Ȩ���� POST �ӿ�-06cfee02', 'level': 'info', 'logger': 'framework.client', 'timestamp': '2026-06-04T15:18:39.670485'}
2026-06-04 15:18:39 [WARNING ] framework.plugin.auth: {'event': 'Token �ѹ��ڣ�����: δ��Ȩ���� POST �ӿ�', 'trace_id': 'δ��Ȩ���� POST �ӿ�-06cfee02', 'level': 'warning', 'logger': 'framework.plugin.auth', 'timestamp': '2026-06-04T15:18:39.724692'}
2026-06-04 15:18:39 [ERROR   ] framework.runner: {'case_name': 'δ��Ȩ���� POST �ӿ�', 'error': "'AssertionReport' object has no attribute 'passed_count'", 'event': 'case_execution_error', 'trace_id': 'δ��Ȩ���� POST �ӿ�-06cfee02', 'level': 'error', 'logger': 'framework.runner', 'timestamp': '2026-06-04T15:18:39.724692', 'exception': 'Traceback (most recent call last):\n  File "C:\\private\\aibuilder\\api-test-framework\\framework\\runner.py", line 278, in run_case\n    case_result = executor.execute(case, self._context, variables)\n                  ^^^^^^^^^^^^^^^^^^^^^^^^^^^^^^^^^^^^^^^^^^^^^^^^\n  File "C:\\private\\aibuilder\\api-test-framework\\framework\\executors\\http_executor.py", line 108, in execute\n    assertion_report = self._assertion_engine.assert_response(\n                       ^^^^^^^^^^^^^^^^^^^^^^^^^^^^^^^^^^^^^^^\n  File "C:\\private\\aibuilder\\api-test-framework\\framework\\assertion.py", line 270, in assert_response\n    passed=report.passed_count,\n           ^^^^^^^^^^^^^^^^^^^\nAttributeError: \'AssertionReport\' object has no attribute \'passed_count\'. Did you mean: \'pass_count\'?'}
2026-06-04 15:18:39 [INFO    ] framework.runner: {'case_name': 'δ��Ȩ���� POST �ӿ�', 'status': 'FAIL', 'elapsed_ms': 57, 'error': "'AssertionReport' object has no attribute 'passed_count'", 'event': 'case_completed', 'trace_id': 'δ��Ȩ���� POST �ӿ�-06cfee02', 'level': 'info', 'logger': 'framework.runner', 'timestamp': '2026-06-04T15:18:39.725696'}
FAILED                                                                   [100%]

================================== FAILURES ===================================
_________________________ �����û�����ӿڲ���::��¼��ȡ JWT Token __________________________
C:\Users\Admin\AppData\Local\Programs\Python\Python312\Lib\site-packages\_pytest\runner.py:344: in from_call
    result: TResult | None = func()
                             ^^^^^^
C:\Users\Admin\AppData\Local\Programs\Python\Python312\Lib\site-packages\_pytest\runner.py:246: in <lambda>
    lambda: runtest_hook(item=item, **kwds), when=when, reraise=reraise
            ^^^^^^^^^^^^^^^^^^^^^^^^^^^^^^^
C:\Users\Admin\AppData\Local\Programs\Python\Python312\Lib\site-packages\pluggy\_hooks.py:512: in __call__
    return self._hookexec(self.name, self._hookimpls.copy(), kwargs, firstresult)
           ^^^^^^^^^^^^^^^^^^^^^^^^^^^^^^^^^^^^^^^^^^^^^^^^^^^^^^^^^^^^^^^^^^^^^^
C:\Users\Admin\AppData\Local\Programs\Python\Python312\Lib\site-packages\pluggy\_manager.py:120: in _hookexec
    return self._inner_hookexec(hook_name, methods, kwargs, firstresult)
           ^^^^^^^^^^^^^^^^^^^^^^^^^^^^^^^^^^^^^^^^^^^^^^^^^^^^^^^^^^^^^
C:\Users\Admin\AppData\Local\Programs\Python\Python312\Lib\site-packages\pluggy\_callers.py:167: in _multicall
    raise exception
C:\Users\Admin\AppData\Local\Programs\Python\Python312\Lib\site-packages\pluggy\_callers.py:139: in _multicall
    teardown.throw(exception)
C:\Users\Admin\AppData\Local\Programs\Python\Python312\Lib\site-packages\_pytest\logging.py:850: in pytest_runtest_call
    yield
C:\Users\Admin\AppData\Local\Programs\Python\Python312\Lib\site-packages\pluggy\_callers.py:139: in _multicall
    teardown.throw(exception)
C:\Users\Admin\AppData\Local\Programs\Python\Python312\Lib\site-packages\_pytest\capture.py:900: in pytest_runtest_call
    return (yield)
            ^^^^^
C:\Users\Admin\AppData\Local\Programs\Python\Python312\Lib\site-packages\pluggy\_callers.py:139: in _multicall
    teardown.throw(exception)
C:\Users\Admin\AppData\Local\Programs\Python\Python312\Lib\site-packages\_pytest\skipping.py:263: in pytest_runtest_call
    return (yield)
            ^^^^^
C:\Users\Admin\AppData\Local\Programs\Python\Python312\Lib\site-packages\pluggy\_callers.py:121: in _multicall
    res = hook_impl.function(*args)
          ^^^^^^^^^^^^^^^^^^^^^^^^^
C:\Users\Admin\AppData\Local\Programs\Python\Python312\Lib\site-packages\_pytest\runner.py:178: in pytest_runtest_call
    item.runtest()
conftest.py:241: in runtest
    runner = self._get_runner()
             ^^^^^^^^^^^^^^^^^^
conftest.py:267: in _get_runner
    Logger.setup(project_cfg.logging)
framework\utils\logger.py:223: in setup
    ProcessorFormatter(
C:\Users\Admin\AppData\Local\Programs\Python\Python312\Lib\site-packages\structlog\stdlib.py:1007: in __init__
    super().__init__(*args, fmt=fmt, **kwargs)  # type: ignore[misc]
    ^^^^^^^^^^^^^^^^^^^^^^^^^^^^^^^^^^^^^^^^^^
E   TypeError: Formatter.__init__() got an unexpected keyword argument 'keep_processors'
---------------------------- Captured stdout call -----------------------------
2026-06-04 15:18:24 [info     ] file_parsed                    case_count=8 filename=test_user_api.yaml suite_name=�����û�����ӿڲ���
2026-06-04 15:18:24 [debug    ] Schema У��ͨ��: env=local
2026-06-04 15:18:24 [info     ] ���ü������: env=local, base_url=http://127.0.0.1:8011
___________________________ �����û�����ӿڲ���::GET ��ѯĬ���û� ____________________________
����ʧ��: GET ��ѯĬ���û�
�׼�: �����û�����ӿڲ���
ԭ��: Illegal header value b'Bearer '
------------------------------ Captured log call ------------------------------
INFO     framework.parser:parser.py:54 {'filename': 'test_user_api.yaml', 'case_count': 8, 'suite_name': '�����û�����ӿڲ���', 'event': 'file_parsed', 'level': 'info', 'logger': 'framework.parser', 'timestamp': '2026-06-04T15:18:24.383377', 'trace_id': '0fc85b1b'}
INFO     framework.config:config.py:72 {'event': '���ü������: env=local, base_url=http://127.0.0.1:8011', 'level': 'info', 'logger': 'framework.config', 'timestamp': '2026-06-04T15:18:24.391653', 'trace_id': '5a356efd'}
INFO     framework.plugin.manager:manager.py:234 {'event': "�Զ����� 1 �����: ['auth_manager']", 'level': 'info', 'logger': 'framework.plugin.manager', 'timestamp': '2026-06-04T15:18:24.395550', 'trace_id': '30fb0da2'}
INFO     framework.runner:runner.py:84 {'count': 1, 'names': ['auth_manager'], 'event': 'plugins_loaded', 'level': 'info', 'logger': 'framework.runner', 'timestamp': '2026-06-04T15:18:24.395550', 'trace_id': '6904c5bb'}
INFO     framework.client:client.py:114 {'method': 'GET', 'url': '/api/user', 'body_type': None, 'event': 'request_started', 'trace_id': 'GET ��ѯĬ���û�-c2f1a218', 'level': 'info', 'logger': 'framework.client', 'timestamp': '2026-06-04T15:18:24.397549'}
WARNING  framework.retry:retry.py:58 {'event': "�쳣 LocalProtocolError: Illegal header value b'Bearer ' �������� (1/3), �ȴ� 1s", 'trace_id': 'GET ��ѯĬ���û�-c2f1a218', 'level': 'warning', 'logger': 'framework.retry', 'timestamp': '2026-06-04T15:18:24.401550'}
WARNING  framework.retry:retry.py:58 {'event': "�쳣 LocalProtocolError: Illegal header value b'Bearer ' �������� (2/3), �ȴ� 1.0s", 'trace_id': 'GET ��ѯĬ���û�-c2f1a218', 'level': 'warning', 'logger': 'framework.retry', 'timestamp': '2026-06-04T15:18:25.403166'}
WARNING  framework.retry:retry.py:58 {'event': "�쳣 LocalProtocolError: Illegal header value b'Bearer ' �������� (3/3), �ȴ� 1.0s", 'trace_id': 'GET ��ѯĬ���û�-c2f1a218', 'level': 'warning', 'logger': 'framework.retry', 'timestamp': '2026-06-04T15:18:26.405167'}
ERROR    framework.retry:retry.py:65 {'event': "���� 3 �κ���Ȼʧ��: Illegal header value b'Bearer '", 'trace_id': 'GET ��ѯĬ���û�-c2f1a218', 'level': 'error', 'logger': 'framework.retry', 'timestamp': '2026-06-04T15:18:27.407685'}
WARNING  framework.plugin.auth:auth_manager.py:53 {'event': 'Token �ѹ��ڣ�����: GET ��ѯĬ���û�', 'trace_id': 'GET ��ѯĬ���û�-c2f1a218', 'level': 'warning', 'logger': 'framework.plugin.auth', 'timestamp': '2026-06-04T15:18:27.407685'}
ERROR    framework.runner:runner.py:331 {'case_name': 'GET ��ѯĬ���û�', 'error': "Illegal header value b'Bearer '", 'event': 'case_execution_error', 'trace_id': 'GET ��ѯĬ���û�-c2f1a218', 'level': 'error', 'logger': 'framework.runner', 'timestamp': '2026-06-04T15:18:27.407685', 'exception': 'Traceback (most recent call last):\n  File "C:\\Users\\Admin\\AppData\\Local\\Programs\\Python\\Python312\\Lib\\site-packages\\httpx\\_transports\\default.py", line 101, in map_httpcore_exceptions\n    yield\n  File "C:\\Users\\Admin\\AppData\\Local\\Programs\\Python\\Python312\\Lib\\site-packages\\httpx\\_transports\\default.py", line 250, in handle_request\n    resp = self._pool.handle_request(req)\n           ^^^^^^^^^^^^^^^^^^^^^^^^^^^^^^\n  File "C:\\Users\\Admin\\AppData\\Local\\Programs\\Python\\Python312\\Lib\\site-packages\\httpcore\\_sync\\connection_pool.py", line 256, in handle_request\n    raise exc from None\n  File "C:\\Users\\Admin\\AppData\\Local\\Programs\\Python\\Python312\\Lib\\site-packages\\httpcore\\_sync\\connection_pool.py", line 236, in handle_request\n    response = connection.handle_request(\n               ^^^^^^^^^^^^^^^^^^^^^^^^^^\n  File "C:\\Users\\Admin\\AppData\\Local\\Programs\\Python\\Python312\\Lib\\site-packages\\httpcore\\_sync\\connection.py", line 103, in handle_request\n    return self._connection.handle_request(request)\n           ^^^^^^^^^^^^^^^^^^^^^^^^^^^^^^^^^^^^^^^^\n  File "C:\\Users\\Admin\\AppData\\Local\\Programs\\Python\\Python312\\Lib\\site-packages\\httpcore\\_sync\\http11.py", line 136, in handle_request\n    raise exc\n  File "C:\\Users\\Admin\\AppData\\Local\\Programs\\Python\\Python312\\Lib\\site-packages\\httpcore\\_sync\\http11.py", line 86, in handle_request\n    self._send_request_headers(**kwargs)\n  File "C:\\Users\\Admin\\AppData\\Local\\Programs\\Python\\Python312\\Lib\\site-packages\\httpcore\\_sync\\http11.py", line 144, in _send_request_headers\n    with map_exceptions({h11.LocalProtocolError: LocalProtocolError}):\n         ^^^^^^^^^^^^^^^^^^^^^^^^^^^^^^^^^^^^^^^^^^^^^^^^^^^^^^^^^^^^\n  File "C:\\Users\\Admin\\AppData\\Local\\Programs\\Python\\Python312\\Lib\\contextlib.py", line 158, in __exit__\n    self.gen.throw(value)\n  File "C:\\Users\\Admin\\AppData\\Local\\Programs\\Python\\Python312\\Lib\\site-packages\\httpcore\\_exceptions.py", line 14, in map_exceptions\n    raise to_exc(exc) from exc\nhttpcore.LocalProtocolError: Illegal header value b\'Bearer \'\n\nThe above exception was the direct cause of the following exception:\n\nTraceback (most recent call last):\n  File "C:\\private\\aibuilder\\api-test-framework\\framework\\runner.py", line 278, in run_case\n    case_result = executor.execute(case, self._context, variables)\n                  ^^^^^^^^^^^^^^^^^^^^^^^^^^^^^^^^^^^^^^^^^^^^^^^^\n  File "C:\\private\\aibuilder\\api-test-framework\\framework\\executors\\http_executor.py", line 92, in execute\n    response = self._http_client.request(rendered_req, variables)\n               ^^^^^^^^^^^^^^^^^^^^^^^^^^^^^^^^^^^^^^^^^^^^^^^^^^\n  File "C:\\private\\aibuilder\\api-test-framework\\framework\\client.py", line 130, in request\n    response = self._send_with_retry(**kwargs)\n               ^^^^^^^^^^^^^^^^^^^^^^^^^^^^^^^\n  File "C:\\private\\aibuilder\\api-test-framework\\framework\\client.py", line 180, in _send_with_retry\n    return send_fn(**kwargs)  # type: ignore[no-any-return]\n           ^^^^^^^^^^^^^^^^^\n  File "C:\\private\\aibuilder\\api-test-framework\\framework\\utils\\retry.py", line 67, in wrapper\n    raise last_exception  # type: ignore[misc]\n    ^^^^^^^^^^^^^^^^^^^^\n  File "C:\\private\\aibuilder\\api-test-framework\\framework\\utils\\retry.py", line 39, in wrapper\n    result = func(*args, **kwargs)\n             ^^^^^^^^^^^^^^^^^^^^^\n  File "C:\\Users\\Admin\\AppData\\Local\\Programs\\Python\\Python312\\Lib\\site-packages\\httpx\\_client.py", line 825, in request\n    return self.send(request, auth=auth, follow_redirects=follow_redirects)\n           ^^^^^^^^^^^^^^^^^^^^^^^^^^^^^^^^^^^^^^^^^^^^^^^^^^^^^^^^^^^^^^^^\n  File "C:\\Users\\Admin\\AppData\\Local\\Programs\\Python\\Python312\\Lib\\site-packages\\httpx\\_client.py", line 914, in send\n    response = self._send_handling_auth(\n               ^^^^^^^^^^^^^^^^^^^^^^^^^\n  File "C:\\Users\\Admin\\AppData\\Local\\Programs\\Python\\Python312\\Lib\\site-packages\\httpx\\_client.py", line 942, in _send_handling_auth\n    response = self._send_handling_redirects(\n               ^^^^^^^^^^^^^^^^^^^^^^^^^^^^^^\n  File "C:\\Users\\Admin\\AppData\\Local\\Programs\\Python\\Python312\\Lib\\site-packages\\httpx\\_client.py", line 979, in _send_handling_redirects\n    response = self._send_single_request(request)\n               ^^^^^^^^^^^^^^^^^^^^^^^^^^^^^^^^^^\n  File "C:\\Users\\Admin\\AppData\\Local\\Programs\\Python\\Python312\\Lib\\site-packages\\httpx\\_client.py", line 1014, in _send_single_request\n    response = transport.handle_request(request)\n               ^^^^^^^^^^^^^^^^^^^^^^^^^^^^^^^^^\n  File "C:\\Users\\Admin\\AppData\\Local\\Programs\\Python\\Python312\\Lib\\site-packages\\httpx\\_transports\\default.py", line 249, in handle_request\n    with map_httpcore_exceptions():\n         ^^^^^^^^^^^^^^^^^^^^^^^^^\n  File "C:\\Users\\Admin\\AppData\\Local\\Programs\\Python\\Python312\\Lib\\contextlib.py", line 158, in __exit__\n    self.gen.throw(value)\n  File "C:\\Users\\Admin\\AppData\\Local\\Programs\\Python\\Python312\\Lib\\site-packages\\httpx\\_transports\\default.py", line 118, in map_httpcore_exceptions\n    raise mapped_exc(message) from exc\nhttpx.LocalProtocolError: Illegal header value b\'Bearer \''}
INFO     framework.runner:runner.py:344 {'case_name': 'GET ��ѯĬ���û�', 'status': 'FAIL', 'elapsed_ms': 3016, 'error': "Illegal header value b'Bearer '", 'event': 'case_completed', 'trace_id': 'GET ��ѯĬ���û�-c2f1a218', 'level': 'info', 'logger': 'framework.runner', 'timestamp': '2026-06-04T15:18:27.411685'}
___________________________ �����û�����ӿڲ���::GET ��ѯָ���û� ____________________________
����ʧ��: GET ��ѯָ���û�
�׼�: �����û�����ӿڲ���
ԭ��: Illegal header value b'Bearer '
------------------------------ Captured log call ------------------------------
INFO     framework.parser:parser.py:54 {'filename': 'test_user_api.yaml', 'case_count': 8, 'suite_name': '�����û�����ӿڲ���', 'event': 'file_parsed', 'level': 'info', 'logger': 'framework.parser', 'timestamp': '2026-06-04T15:18:27.421229', 'trace_id': 'a792e671'}
INFO     framework.config:config.py:72 {'event': '���ü������: env=local, base_url=http://127.0.0.1:8011', 'level': 'info', 'logger': 'framework.config', 'timestamp': '2026-06-04T15:18:27.427229', 'trace_id': '93f54f60'}
INFO     framework.plugin.manager:manager.py:234 {'event': "�Զ����� 1 �����: ['auth_manager']", 'level': 'info', 'logger': 'framework.plugin.manager', 'timestamp': '2026-06-04T15:18:27.430278', 'trace_id': '4ea57693'}
INFO     framework.runner:runner.py:84 {'count': 1, 'names': ['auth_manager'], 'event': 'plugins_loaded', 'level': 'info', 'logger': 'framework.runner', 'timestamp': '2026-06-04T15:18:27.430278', 'trace_id': '90be19d2'}
INFO     framework.client:client.py:114 {'method': 'GET', 'url': '/api/user', 'body_type': None, 'event': 'request_started', 'trace_id': 'GET ��ѯָ���û�-6958708e', 'level': 'info', 'logger': 'framework.client', 'timestamp': '2026-06-04T15:18:27.430798'}
WARNING  framework.retry:retry.py:58 {'event': "�쳣 LocalProtocolError: Illegal header value b'Bearer ' �������� (1/3), �ȴ� 1s", 'trace_id': 'GET ��ѯָ���û�-6958708e', 'level': 'warning', 'logger': 'framework.retry', 'timestamp': '2026-06-04T15:18:27.431799'}
WARNING  framework.retry:retry.py:58 {'event': "�쳣 LocalProtocolError: Illegal header value b'Bearer ' �������� (2/3), �ȴ� 1.0s", 'trace_id': 'GET ��ѯָ���û�-6958708e', 'level': 'warning', 'logger': 'framework.retry', 'timestamp': '2026-06-04T15:18:28.434669'}
WARNING  framework.retry:retry.py:58 {'event': "�쳣 LocalProtocolError: Illegal header value b'Bearer ' �������� (3/3), �ȴ� 1.0s", 'trace_id': 'GET ��ѯָ���û�-6958708e', 'level': 'warning', 'logger': 'framework.retry', 'timestamp': '2026-06-04T15:18:29.436817'}
ERROR    framework.retry:retry.py:65 {'event': "���� 3 �κ���Ȼʧ��: Illegal header value b'Bearer '", 'trace_id': 'GET ��ѯָ���û�-6958708e', 'level': 'error', 'logger': 'framework.retry', 'timestamp': '2026-06-04T15:18:30.454813'}
WARNING  framework.plugin.auth:auth_manager.py:53 {'event': 'Token �ѹ��ڣ�����: GET ��ѯָ���û�', 'trace_id': 'GET ��ѯָ���û�-6958708e', 'level': 'warning', 'logger': 'framework.plugin.auth', 'timestamp': '2026-06-04T15:18:30.455824'}
ERROR    framework.runner:runner.py:331 {'case_name': 'GET ��ѯָ���û�', 'error': "Illegal header value b'Bearer '", 'event': 'case_execution_error', 'trace_id': 'GET ��ѯָ���û�-6958708e', 'level': 'error', 'logger': 'framework.runner', 'timestamp': '2026-06-04T15:18:30.455824', 'exception': 'Traceback (most recent call last):\n  File "C:\\Users\\Admin\\AppData\\Local\\Programs\\Python\\Python312\\Lib\\site-packages\\httpx\\_transports\\default.py", line 101, in map_httpcore_exceptions\n    yield\n  File "C:\\Users\\Admin\\AppData\\Local\\Programs\\Python\\Python312\\Lib\\site-packages\\httpx\\_transports\\default.py", line 250, in handle_request\n    resp = self._pool.handle_request(req)\n           ^^^^^^^^^^^^^^^^^^^^^^^^^^^^^^\n  File "C:\\Users\\Admin\\AppData\\Local\\Programs\\Python\\Python312\\Lib\\site-packages\\httpcore\\_sync\\connection_pool.py", line 256, in handle_request\n    raise exc from None\n  File "C:\\Users\\Admin\\AppData\\Local\\Programs\\Python\\Python312\\Lib\\site-packages\\httpcore\\_sync\\connection_pool.py", line 236, in handle_request\n    response = connection.handle_request(\n               ^^^^^^^^^^^^^^^^^^^^^^^^^^\n  File "C:\\Users\\Admin\\AppData\\Local\\Programs\\Python\\Python312\\Lib\\site-packages\\httpcore\\_sync\\connection.py", line 103, in handle_request\n    return self._connection.handle_request(request)\n           ^^^^^^^^^^^^^^^^^^^^^^^^^^^^^^^^^^^^^^^^\n  File "C:\\Users\\Admin\\AppData\\Local\\Programs\\Python\\Python312\\Lib\\site-packages\\httpcore\\_sync\\http11.py", line 136, in handle_request\n    raise exc\n  File "C:\\Users\\Admin\\AppData\\Local\\Programs\\Python\\Python312\\Lib\\site-packages\\httpcore\\_sync\\http11.py", line 86, in handle_request\n    self._send_request_headers(**kwargs)\n  File "C:\\Users\\Admin\\AppData\\Local\\Programs\\Python\\Python312\\Lib\\site-packages\\httpcore\\_sync\\http11.py", line 144, in _send_request_headers\n    with map_exceptions({h11.LocalProtocolError: LocalProtocolError}):\n         ^^^^^^^^^^^^^^^^^^^^^^^^^^^^^^^^^^^^^^^^^^^^^^^^^^^^^^^^^^^^\n  File "C:\\Users\\Admin\\AppData\\Local\\Programs\\Python\\Python312\\Lib\\contextlib.py", line 158, in __exit__\n    self.gen.throw(value)\n  File "C:\\Users\\Admin\\AppData\\Local\\Programs\\Python\\Python312\\Lib\\site-packages\\httpcore\\_exceptions.py", line 14, in map_exceptions\n    raise to_exc(exc) from exc\nhttpcore.LocalProtocolError: Illegal header value b\'Bearer \'\n\nThe above exception was the direct cause of the following exception:\n\nTraceback (most recent call last):\n  File "C:\\private\\aibuilder\\api-test-framework\\framework\\runner.py", line 278, in run_case\n    case_result = executor.execute(case, self._context, variables)\n                  ^^^^^^^^^^^^^^^^^^^^^^^^^^^^^^^^^^^^^^^^^^^^^^^^\n  File "C:\\private\\aibuilder\\api-test-framework\\framework\\executors\\http_executor.py", line 92, in execute\n    response = self._http_client.request(rendered_req, variables)\n               ^^^^^^^^^^^^^^^^^^^^^^^^^^^^^^^^^^^^^^^^^^^^^^^^^^\n  File "C:\\private\\aibuilder\\api-test-framework\\framework\\client.py", line 130, in request\n    response = self._send_with_retry(**kwargs)\n               ^^^^^^^^^^^^^^^^^^^^^^^^^^^^^^^\n  File "C:\\private\\aibuilder\\api-test-framework\\framework\\client.py", line 180, in _send_with_retry\n    return send_fn(**kwargs)  # type: ignore[no-any-return]\n           ^^^^^^^^^^^^^^^^^\n  File "C:\\private\\aibuilder\\api-test-framework\\framework\\utils\\retry.py", line 67, in wrapper\n    raise last_exception  # type: ignore[misc]\n    ^^^^^^^^^^^^^^^^^^^^\n  File "C:\\private\\aibuilder\\api-test-framework\\framework\\utils\\retry.py", line 39, in wrapper\n    result = func(*args, **kwargs)\n             ^^^^^^^^^^^^^^^^^^^^^\n  File "C:\\Users\\Admin\\AppData\\Local\\Programs\\Python\\Python312\\Lib\\site-packages\\httpx\\_client.py", line 825, in request\n    return self.send(request, auth=auth, follow_redirects=follow_redirects)\n           ^^^^^^^^^^^^^^^^^^^^^^^^^^^^^^^^^^^^^^^^^^^^^^^^^^^^^^^^^^^^^^^^\n  File "C:\\Users\\Admin\\AppData\\Local\\Programs\\Python\\Python312\\Lib\\site-packages\\httpx\\_client.py", line 914, in send\n    response = self._send_handling_auth(\n               ^^^^^^^^^^^^^^^^^^^^^^^^^\n  File "C:\\Users\\Admin\\AppData\\Local\\Programs\\Python\\Python312\\Lib\\site-packages\\httpx\\_client.py", line 942, in _send_handling_auth\n    response = self._send_handling_redirects(\n               ^^^^^^^^^^^^^^^^^^^^^^^^^^^^^^\n  File "C:\\Users\\Admin\\AppData\\Local\\Programs\\Python\\Python312\\Lib\\site-packages\\httpx\\_client.py", line 979, in _send_handling_redirects\n    response = self._send_single_request(request)\n               ^^^^^^^^^^^^^^^^^^^^^^^^^^^^^^^^^^\n  File "C:\\Users\\Admin\\AppData\\Local\\Programs\\Python\\Python312\\Lib\\site-packages\\httpx\\_client.py", line 1014, in _send_single_request\n    response = transport.handle_request(request)\n               ^^^^^^^^^^^^^^^^^^^^^^^^^^^^^^^^^\n  File "C:\\Users\\Admin\\AppData\\Local\\Programs\\Python\\Python312\\Lib\\site-packages\\httpx\\_transports\\default.py", line 249, in handle_request\n    with map_httpcore_exceptions():\n         ^^^^^^^^^^^^^^^^^^^^^^^^^\n  File "C:\\Users\\Admin\\AppData\\Local\\Programs\\Python\\Python312\\Lib\\contextlib.py", line 158, in __exit__\n    self.gen.throw(value)\n  File "C:\\Users\\Admin\\AppData\\Local\\Programs\\Python\\Python312\\Lib\\site-packages\\httpx\\_transports\\default.py", line 118, in map_httpcore_exceptions\n    raise mapped_exc(message) from exc\nhttpx.LocalProtocolError: Illegal header value b\'Bearer \''}
INFO     framework.runner:runner.py:344 {'case_name': 'GET ��ѯָ���û�', 'status': 'FAIL', 'elapsed_ms': 3027, 'error': "Illegal header value b'Bearer '", 'event': 'case_completed', 'trace_id': 'GET ��ѯָ���û�-6958708e', 'level': 'info', 'logger': 'framework.runner', 'timestamp': '2026-06-04T15:18:30.457811'}
____________________________ �����û�����ӿڲ���::POST �����û� ____________________________
����ʧ��: POST �����û�
�׼�: �����û�����ӿڲ���
ԭ��: Illegal header value b'Bearer '
------------------------------ Captured log call ------------------------------
INFO     framework.parser:parser.py:54 {'filename': 'test_user_api.yaml', 'case_count': 8, 'suite_name': '�����û�����ӿڲ���', 'event': 'file_parsed', 'level': 'info', 'logger': 'framework.parser', 'timestamp': '2026-06-04T15:18:30.468813', 'trace_id': 'd3674fe0'}
INFO     framework.config:config.py:72 {'event': '���ü������: env=local, base_url=http://127.0.0.1:8011', 'level': 'info', 'logger': 'framework.config', 'timestamp': '2026-06-04T15:18:30.475812', 'trace_id': '531ead88'}
INFO     framework.plugin.manager:manager.py:234 {'event': "�Զ����� 1 �����: ['auth_manager']", 'level': 'info', 'logger': 'framework.plugin.manager', 'timestamp': '2026-06-04T15:18:30.477813', 'trace_id': 'be1e60fb'}
INFO     framework.runner:runner.py:84 {'count': 1, 'names': ['auth_manager'], 'event': 'plugins_loaded', 'level': 'info', 'logger': 'framework.runner', 'timestamp': '2026-06-04T15:18:30.477813', 'trace_id': '108154f3'}
INFO     framework.client:client.py:114 {'method': 'POST', 'url': '/api/user', 'body_type': 'json', 'event': 'request_started', 'trace_id': 'POST �����û�-ad6b883d', 'level': 'info', 'logger': 'framework.client', 'timestamp': '2026-06-04T15:18:30.479813'}
WARNING  framework.retry:retry.py:58 {'event': "�쳣 LocalProtocolError: Illegal header value b'Bearer ' �������� (1/3), �ȴ� 1s", 'trace_id': 'POST �����û�-ad6b883d', 'level': 'warning', 'logger': 'framework.retry', 'timestamp': '2026-06-04T15:18:30.480813'}
WARNING  framework.retry:retry.py:58 {'event': "�쳣 LocalProtocolError: Illegal header value b'Bearer ' �������� (2/3), �ȴ� 1.0s", 'trace_id': 'POST �����û�-ad6b883d', 'level': 'warning', 'logger': 'framework.retry', 'timestamp': '2026-06-04T15:18:31.482193'}
WARNING  framework.retry:retry.py:58 {'event': "�쳣 LocalProtocolError: Illegal header value b'Bearer ' �������� (3/3), �ȴ� 1.0s", 'trace_id': 'POST �����û�-ad6b883d', 'level': 'warning', 'logger': 'framework.retry', 'timestamp': '2026-06-04T15:18:32.484325'}
ERROR    framework.retry:retry.py:65 {'event': "���� 3 �κ���Ȼʧ��: Illegal header value b'Bearer '", 'trace_id': 'POST �����û�-ad6b883d', 'level': 'error', 'logger': 'framework.retry', 'timestamp': '2026-06-04T15:18:33.486824'}
WARNING  framework.plugin.auth:auth_manager.py:53 {'event': 'Token �ѹ��ڣ�����: POST �����û�', 'trace_id': 'POST �����û�-ad6b883d', 'level': 'warning', 'logger': 'framework.plugin.auth', 'timestamp': '2026-06-04T15:18:33.486824'}
ERROR    framework.runner:runner.py:331 {'case_name': 'POST �����û�', 'error': "Illegal header value b'Bearer '", 'event': 'case_execution_error', 'trace_id': 'POST �����û�-ad6b883d', 'level': 'error', 'logger': 'framework.runner', 'timestamp': '2026-06-04T15:18:33.486824', 'exception': 'Traceback (most recent call last):\n  File "C:\\Users\\Admin\\AppData\\Local\\Programs\\Python\\Python312\\Lib\\site-packages\\httpx\\_transports\\default.py", line 101, in map_httpcore_exceptions\n    yield\n  File "C:\\Users\\Admin\\AppData\\Local\\Programs\\Python\\Python312\\Lib\\site-packages\\httpx\\_transports\\default.py", line 250, in handle_request\n    resp = self._pool.handle_request(req)\n           ^^^^^^^^^^^^^^^^^^^^^^^^^^^^^^\n  File "C:\\Users\\Admin\\AppData\\Local\\Programs\\Python\\Python312\\Lib\\site-packages\\httpcore\\_sync\\connection_pool.py", line 256, in handle_request\n    raise exc from None\n  File "C:\\Users\\Admin\\AppData\\Local\\Programs\\Python\\Python312\\Lib\\site-packages\\httpcore\\_sync\\connection_pool.py", line 236, in handle_request\n    response = connection.handle_request(\n               ^^^^^^^^^^^^^^^^^^^^^^^^^^\n  File "C:\\Users\\Admin\\AppData\\Local\\Programs\\Python\\Python312\\Lib\\site-packages\\httpcore\\_sync\\connection.py", line 103, in handle_request\n    return self._connection.handle_request(request)\n           ^^^^^^^^^^^^^^^^^^^^^^^^^^^^^^^^^^^^^^^^\n  File "C:\\Users\\Admin\\AppData\\Local\\Programs\\Python\\Python312\\Lib\\site-packages\\httpcore\\_sync\\http11.py", line 136, in handle_request\n    raise exc\n  File "C:\\Users\\Admin\\AppData\\Local\\Programs\\Python\\Python312\\Lib\\site-packages\\httpcore\\_sync\\http11.py", line 86, in handle_request\n    self._send_request_headers(**kwargs)\n  File "C:\\Users\\Admin\\AppData\\Local\\Programs\\Python\\Python312\\Lib\\site-packages\\httpcore\\_sync\\http11.py", line 144, in _send_request_headers\n    with map_exceptions({h11.LocalProtocolError: LocalProtocolError}):\n         ^^^^^^^^^^^^^^^^^^^^^^^^^^^^^^^^^^^^^^^^^^^^^^^^^^^^^^^^^^^^\n  File "C:\\Users\\Admin\\AppData\\Local\\Programs\\Python\\Python312\\Lib\\contextlib.py", line 158, in __exit__\n    self.gen.throw(value)\n  File "C:\\Users\\Admin\\AppData\\Local\\Programs\\Python\\Python312\\Lib\\site-packages\\httpcore\\_exceptions.py", line 14, in map_exceptions\n    raise to_exc(exc) from exc\nhttpcore.LocalProtocolError: Illegal header value b\'Bearer \'\n\nThe above exception was the direct cause of the following exception:\n\nTraceback (most recent call last):\n  File "C:\\private\\aibuilder\\api-test-framework\\framework\\runner.py", line 278, in run_case\n    case_result = executor.execute(case, self._context, variables)\n                  ^^^^^^^^^^^^^^^^^^^^^^^^^^^^^^^^^^^^^^^^^^^^^^^^\n  File "C:\\private\\aibuilder\\api-test-framework\\framework\\executors\\http_executor.py", line 92, in execute\n    response = self._http_client.request(rendered_req, variables)\n               ^^^^^^^^^^^^^^^^^^^^^^^^^^^^^^^^^^^^^^^^^^^^^^^^^^\n  File "C:\\private\\aibuilder\\api-test-framework\\framework\\client.py", line 130, in request\n    response = self._send_with_retry(**kwargs)\n               ^^^^^^^^^^^^^^^^^^^^^^^^^^^^^^^\n  File "C:\\private\\aibuilder\\api-test-framework\\framework\\client.py", line 180, in _send_with_retry\n    return send_fn(**kwargs)  # type: ignore[no-any-return]\n           ^^^^^^^^^^^^^^^^^\n  File "C:\\private\\aibuilder\\api-test-framework\\framework\\utils\\retry.py", line 67, in wrapper\n    raise last_exception  # type: ignore[misc]\n    ^^^^^^^^^^^^^^^^^^^^\n  File "C:\\private\\aibuilder\\api-test-framework\\framework\\utils\\retry.py", line 39, in wrapper\n    result = func(*args, **kwargs)\n             ^^^^^^^^^^^^^^^^^^^^^\n  File "C:\\Users\\Admin\\AppData\\Local\\Programs\\Python\\Python312\\Lib\\site-packages\\httpx\\_client.py", line 825, in request\n    return self.send(request, auth=auth, follow_redirects=follow_redirects)\n           ^^^^^^^^^^^^^^^^^^^^^^^^^^^^^^^^^^^^^^^^^^^^^^^^^^^^^^^^^^^^^^^^\n  File "C:\\Users\\Admin\\AppData\\Local\\Programs\\Python\\Python312\\Lib\\site-packages\\httpx\\_client.py", line 914, in send\n    response = self._send_handling_auth(\n               ^^^^^^^^^^^^^^^^^^^^^^^^^\n  File "C:\\Users\\Admin\\AppData\\Local\\Programs\\Python\\Python312\\Lib\\site-packages\\httpx\\_client.py", line 942, in _send_handling_auth\n    response = self._send_handling_redirects(\n               ^^^^^^^^^^^^^^^^^^^^^^^^^^^^^^\n  File "C:\\Users\\Admin\\AppData\\Local\\Programs\\Python\\Python312\\Lib\\site-packages\\httpx\\_client.py", line 979, in _send_handling_redirects\n    response = self._send_single_request(request)\n               ^^^^^^^^^^^^^^^^^^^^^^^^^^^^^^^^^^\n  File "C:\\Users\\Admin\\AppData\\Local\\Programs\\Python\\Python312\\Lib\\site-packages\\httpx\\_client.py", line 1014, in _send_single_request\n    response = transport.handle_request(request)\n               ^^^^^^^^^^^^^^^^^^^^^^^^^^^^^^^^^\n  File "C:\\Users\\Admin\\AppData\\Local\\Programs\\Python\\Python312\\Lib\\site-packages\\httpx\\_transports\\default.py", line 249, in handle_request\n    with map_httpcore_exceptions():\n         ^^^^^^^^^^^^^^^^^^^^^^^^^\n  File "C:\\Users\\Admin\\AppData\\Local\\Programs\\Python\\Python312\\Lib\\contextlib.py", line 158, in __exit__\n    self.gen.throw(value)\n  File "C:\\Users\\Admin\\AppData\\Local\\Programs\\Python\\Python312\\Lib\\site-packages\\httpx\\_transports\\default.py", line 118, in map_httpcore_exceptions\n    raise mapped_exc(message) from exc\nhttpx.LocalProtocolError: Illegal header value b\'Bearer \''}
INFO     framework.runner:runner.py:344 {'case_name': 'POST �����û�', 'status': 'FAIL', 'elapsed_ms': 3011, 'error': "Illegal header value b'Bearer '", 'event': 'case_completed', 'trace_id': 'POST �����û�-ad6b883d', 'level': 'info', 'logger': 'framework.runner', 'timestamp': '2026-06-04T15:18:33.488752'}
____________________________ �����û�����ӿڲ���::PUT �����û� _____________________________
����ʧ��: PUT �����û�
�׼�: �����û�����ӿڲ���
ԭ��: Illegal header value b'Bearer '
------------------------------ Captured log call ------------------------------
INFO     framework.parser:parser.py:54 {'filename': 'test_user_api.yaml', 'case_count': 8, 'suite_name': '�����û�����ӿڲ���', 'event': 'file_parsed', 'level': 'info', 'logger': 'framework.parser', 'timestamp': '2026-06-04T15:18:33.498321', 'trace_id': 'b3578a5c'}
INFO     framework.config:config.py:72 {'event': '���ü������: env=local, base_url=http://127.0.0.1:8011', 'level': 'info', 'logger': 'framework.config', 'timestamp': '2026-06-04T15:18:33.506320', 'trace_id': 'c6e1f0f1'}
INFO     framework.plugin.manager:manager.py:234 {'event': "�Զ����� 1 �����: ['auth_manager']", 'level': 'info', 'logger': 'framework.plugin.manager', 'timestamp': '2026-06-04T15:18:33.509322', 'trace_id': 'a04931c1'}
INFO     framework.runner:runner.py:84 {'count': 1, 'names': ['auth_manager'], 'event': 'plugins_loaded', 'level': 'info', 'logger': 'framework.runner', 'timestamp': '2026-06-04T15:18:33.509322', 'trace_id': 'aa0f775f'}
INFO     framework.client:client.py:114 {'method': 'PUT', 'url': '/api/user', 'body_type': 'json', 'event': 'request_started', 'trace_id': 'PUT �����û�-862460fc', 'level': 'info', 'logger': 'framework.client', 'timestamp': '2026-06-04T15:18:33.509322'}
WARNING  framework.retry:retry.py:58 {'event': "�쳣 LocalProtocolError: Illegal header value b'Bearer ' �������� (1/3), �ȴ� 1s", 'trace_id': 'PUT �����û�-862460fc', 'level': 'warning', 'logger': 'framework.retry', 'timestamp': '2026-06-04T15:18:33.510901'}
WARNING  framework.retry:retry.py:58 {'event': "�쳣 LocalProtocolError: Illegal header value b'Bearer ' �������� (2/3), �ȴ� 1.0s", 'trace_id': 'PUT �����û�-862460fc', 'level': 'warning', 'logger': 'framework.retry', 'timestamp': '2026-06-04T15:18:34.530520'}
WARNING  framework.retry:retry.py:58 {'event': "�쳣 LocalProtocolError: Illegal header value b'Bearer ' �������� (3/3), �ȴ� 1.0s", 'trace_id': 'PUT �����û�-862460fc', 'level': 'warning', 'logger': 'framework.retry', 'timestamp': '2026-06-04T15:18:35.532532'}
ERROR    framework.retry:retry.py:65 {'event': "���� 3 �κ���Ȼʧ��: Illegal header value b'Bearer '", 'trace_id': 'PUT �����û�-862460fc', 'level': 'error', 'logger': 'framework.retry', 'timestamp': '2026-06-04T15:18:36.533984'}
WARNING  framework.plugin.auth:auth_manager.py:53 {'event': 'Token �ѹ��ڣ�����: PUT �����û�', 'trace_id': 'PUT �����û�-862460fc', 'level': 'warning', 'logger': 'framework.plugin.auth', 'timestamp': '2026-06-04T15:18:36.533984'}
ERROR    framework.runner:runner.py:331 {'case_name': 'PUT �����û�', 'error': "Illegal header value b'Bearer '", 'event': 'case_execution_error', 'trace_id': 'PUT �����û�-862460fc', 'level': 'error', 'logger': 'framework.runner', 'timestamp': '2026-06-04T15:18:36.533984', 'exception': 'Traceback (most recent call last):\n  File "C:\\Users\\Admin\\AppData\\Local\\Programs\\Python\\Python312\\Lib\\site-packages\\httpx\\_transports\\default.py", line 101, in map_httpcore_exceptions\n    yield\n  File "C:\\Users\\Admin\\AppData\\Local\\Programs\\Python\\Python312\\Lib\\site-packages\\httpx\\_transports\\default.py", line 250, in handle_request\n    resp = self._pool.handle_request(req)\n           ^^^^^^^^^^^^^^^^^^^^^^^^^^^^^^\n  File "C:\\Users\\Admin\\AppData\\Local\\Programs\\Python\\Python312\\Lib\\site-packages\\httpcore\\_sync\\connection_pool.py", line 256, in handle_request\n    raise exc from None\n  File "C:\\Users\\Admin\\AppData\\Local\\Programs\\Python\\Python312\\Lib\\site-packages\\httpcore\\_sync\\connection_pool.py", line 236, in handle_request\n    response = connection.handle_request(\n               ^^^^^^^^^^^^^^^^^^^^^^^^^^\n  File "C:\\Users\\Admin\\AppData\\Local\\Programs\\Python\\Python312\\Lib\\site-packages\\httpcore\\_sync\\connection.py", line 103, in handle_request\n    return self._connection.handle_request(request)\n           ^^^^^^^^^^^^^^^^^^^^^^^^^^^^^^^^^^^^^^^^\n  File "C:\\Users\\Admin\\AppData\\Local\\Programs\\Python\\Python312\\Lib\\site-packages\\httpcore\\_sync\\http11.py", line 136, in handle_request\n    raise exc\n  File "C:\\Users\\Admin\\AppData\\Local\\Programs\\Python\\Python312\\Lib\\site-packages\\httpcore\\_sync\\http11.py", line 86, in handle_request\n    self._send_request_headers(**kwargs)\n  File "C:\\Users\\Admin\\AppData\\Local\\Programs\\Python\\Python312\\Lib\\site-packages\\httpcore\\_sync\\http11.py", line 144, in _send_request_headers\n    with map_exceptions({h11.LocalProtocolError: LocalProtocolError}):\n         ^^^^^^^^^^^^^^^^^^^^^^^^^^^^^^^^^^^^^^^^^^^^^^^^^^^^^^^^^^^^\n  File "C:\\Users\\Admin\\AppData\\Local\\Programs\\Python\\Python312\\Lib\\contextlib.py", line 158, in __exit__\n    self.gen.throw(value)\n  File "C:\\Users\\Admin\\AppData\\Local\\Programs\\Python\\Python312\\Lib\\site-packages\\httpcore\\_exceptions.py", line 14, in map_exceptions\n    raise to_exc(exc) from exc\nhttpcore.LocalProtocolError: Illegal header value b\'Bearer \'\n\nThe above exception was the direct cause of the following exception:\n\nTraceback (most recent call last):\n  File "C:\\private\\aibuilder\\api-test-framework\\framework\\runner.py", line 278, in run_case\n    case_result = executor.execute(case, self._context, variables)\n                  ^^^^^^^^^^^^^^^^^^^^^^^^^^^^^^^^^^^^^^^^^^^^^^^^\n  File "C:\\private\\aibuilder\\api-test-framework\\framework\\executors\\http_executor.py", line 92, in execute\n    response = self._http_client.request(rendered_req, variables)\n               ^^^^^^^^^^^^^^^^^^^^^^^^^^^^^^^^^^^^^^^^^^^^^^^^^^\n  File "C:\\private\\aibuilder\\api-test-framework\\framework\\client.py", line 130, in request\n    response = self._send_with_retry(**kwargs)\n               ^^^^^^^^^^^^^^^^^^^^^^^^^^^^^^^\n  File "C:\\private\\aibuilder\\api-test-framework\\framework\\client.py", line 180, in _send_with_retry\n    return send_fn(**kwargs)  # type: ignore[no-any-return]\n           ^^^^^^^^^^^^^^^^^\n  File "C:\\private\\aibuilder\\api-test-framework\\framework\\utils\\retry.py", line 67, in wrapper\n    raise last_exception  # type: ignore[misc]\n    ^^^^^^^^^^^^^^^^^^^^\n  File "C:\\private\\aibuilder\\api-test-framework\\framework\\utils\\retry.py", line 39, in wrapper\n    result = func(*args, **kwargs)\n             ^^^^^^^^^^^^^^^^^^^^^\n  File "C:\\Users\\Admin\\AppData\\Local\\Programs\\Python\\Python312\\Lib\\site-packages\\httpx\\_client.py", line 825, in request\n    return self.send(request, auth=auth, follow_redirects=follow_redirects)\n           ^^^^^^^^^^^^^^^^^^^^^^^^^^^^^^^^^^^^^^^^^^^^^^^^^^^^^^^^^^^^^^^^\n  File "C:\\Users\\Admin\\AppData\\Local\\Programs\\Python\\Python312\\Lib\\site-packages\\httpx\\_client.py", line 914, in send\n    response = self._send_handling_auth(\n               ^^^^^^^^^^^^^^^^^^^^^^^^^\n  File "C:\\Users\\Admin\\AppData\\Local\\Programs\\Python\\Python312\\Lib\\site-packages\\httpx\\_client.py", line 942, in _send_handling_auth\n    response = self._send_handling_redirects(\n               ^^^^^^^^^^^^^^^^^^^^^^^^^^^^^^\n  File "C:\\Users\\Admin\\AppData\\Local\\Programs\\Python\\Python312\\Lib\\site-packages\\httpx\\_client.py", line 979, in _send_handling_redirects\n    response = self._send_single_request(request)\n               ^^^^^^^^^^^^^^^^^^^^^^^^^^^^^^^^^^\n  File "C:\\Users\\Admin\\AppData\\Local\\Programs\\Python\\Python312\\Lib\\site-packages\\httpx\\_client.py", line 1014, in _send_single_request\n    response = transport.handle_request(request)\n               ^^^^^^^^^^^^^^^^^^^^^^^^^^^^^^^^^\n  File "C:\\Users\\Admin\\AppData\\Local\\Programs\\Python\\Python312\\Lib\\site-packages\\httpx\\_transports\\default.py", line 249, in handle_request\n    with map_httpcore_exceptions():\n         ^^^^^^^^^^^^^^^^^^^^^^^^^\n  File "C:\\Users\\Admin\\AppData\\Local\\Programs\\Python\\Python312\\Lib\\contextlib.py", line 158, in __exit__\n    self.gen.throw(value)\n  File "C:\\Users\\Admin\\AppData\\Local\\Programs\\Python\\Python312\\Lib\\site-packages\\httpx\\_transports\\default.py", line 118, in map_httpcore_exceptions\n    raise mapped_exc(message) from exc\nhttpx.LocalProtocolError: Illegal header value b\'Bearer \''}
INFO     framework.runner:runner.py:344 {'case_name': 'PUT �����û�', 'status': 'FAIL', 'elapsed_ms': 3027, 'error': "Illegal header value b'Bearer '", 'event': 'case_completed', 'trace_id': 'PUT �����û�-862460fc', 'level': 'info', 'logger': 'framework.runner', 'timestamp': '2026-06-04T15:18:36.535982'}
___________________________ �����û�����ӿڲ���::DELETE ɾ���û� ___________________________
����ʧ��: DELETE ɾ���û�
�׼�: �����û�����ӿڲ���
ԭ��: Illegal header value b'Bearer '
------------------------------ Captured log call ------------------------------
INFO     framework.parser:parser.py:54 {'filename': 'test_user_api.yaml', 'case_count': 8, 'suite_name': '�����û�����ӿڲ���', 'event': 'file_parsed', 'level': 'info', 'logger': 'framework.parser', 'timestamp': '2026-06-04T15:18:36.544982', 'trace_id': '3ccd5e41'}
INFO     framework.config:config.py:72 {'event': '���ü������: env=local, base_url=http://127.0.0.1:8011', 'level': 'info', 'logger': 'framework.config', 'timestamp': '2026-06-04T15:18:36.551982', 'trace_id': 'd8633876'}
INFO     framework.plugin.manager:manager.py:234 {'event': "�Զ����� 1 �����: ['auth_manager']", 'level': 'info', 'logger': 'framework.plugin.manager', 'timestamp': '2026-06-04T15:18:36.553984', 'trace_id': 'dd9046b8'}
INFO     framework.runner:runner.py:84 {'count': 1, 'names': ['auth_manager'], 'event': 'plugins_loaded', 'level': 'info', 'logger': 'framework.runner', 'timestamp': '2026-06-04T15:18:36.553984', 'trace_id': '3ad4d629'}
INFO     framework.client:client.py:114 {'method': 'DELETE', 'url': '/api/user', 'body_type': None, 'event': 'request_started', 'trace_id': 'DELETE ɾ���û�-f0accaf7', 'level': 'info', 'logger': 'framework.client', 'timestamp': '2026-06-04T15:18:36.554983'}
WARNING  framework.retry:retry.py:58 {'event': "�쳣 LocalProtocolError: Illegal header value b'Bearer ' �������� (1/3), �ȴ� 1s", 'trace_id': 'DELETE ɾ���û�-f0accaf7', 'level': 'warning', 'logger': 'framework.retry', 'timestamp': '2026-06-04T15:18:36.555982'}
WARNING  framework.retry:retry.py:58 {'event': "�쳣 LocalProtocolError: Illegal header value b'Bearer ' �������� (2/3), �ȴ� 1.0s", 'trace_id': 'DELETE ɾ���û�-f0accaf7', 'level': 'warning', 'logger': 'framework.retry', 'timestamp': '2026-06-04T15:18:37.577719'}
WARNING  framework.retry:retry.py:58 {'event': "�쳣 LocalProtocolError: Illegal header value b'Bearer ' �������� (3/3), �ȴ� 1.0s", 'trace_id': 'DELETE ɾ���û�-f0accaf7', 'level': 'warning', 'logger': 'framework.retry', 'timestamp': '2026-06-04T15:18:38.599986'}
ERROR    framework.retry:retry.py:65 {'event': "���� 3 �κ���Ȼʧ��: Illegal header value b'Bearer '", 'trace_id': 'DELETE ɾ���û�-f0accaf7', 'level': 'error', 'logger': 'framework.retry', 'timestamp': '2026-06-04T15:18:39.603502'}
WARNING  framework.plugin.auth:auth_manager.py:53 {'event': 'Token �ѹ��ڣ�����: DELETE ɾ���û�', 'trace_id': 'DELETE ɾ���û�-f0accaf7', 'level': 'warning', 'logger': 'framework.plugin.auth', 'timestamp': '2026-06-04T15:18:39.603502'}
ERROR    framework.runner:runner.py:331 {'case_name': 'DELETE ɾ���û�', 'error': "Illegal header value b'Bearer '", 'event': 'case_execution_error', 'trace_id': 'DELETE ɾ���û�-f0accaf7', 'level': 'error', 'logger': 'framework.runner', 'timestamp': '2026-06-04T15:18:39.603502', 'exception': 'Traceback (most recent call last):\n  File "C:\\Users\\Admin\\AppData\\Local\\Programs\\Python\\Python312\\Lib\\site-packages\\httpx\\_transports\\default.py", line 101, in map_httpcore_exceptions\n    yield\n  File "C:\\Users\\Admin\\AppData\\Local\\Programs\\Python\\Python312\\Lib\\site-packages\\httpx\\_transports\\default.py", line 250, in handle_request\n    resp = self._pool.handle_request(req)\n           ^^^^^^^^^^^^^^^^^^^^^^^^^^^^^^\n  File "C:\\Users\\Admin\\AppData\\Local\\Programs\\Python\\Python312\\Lib\\site-packages\\httpcore\\_sync\\connection_pool.py", line 256, in handle_request\n    raise exc from None\n  File "C:\\Users\\Admin\\AppData\\Local\\Programs\\Python\\Python312\\Lib\\site-packages\\httpcore\\_sync\\connection_pool.py", line 236, in handle_request\n    response = connection.handle_request(\n               ^^^^^^^^^^^^^^^^^^^^^^^^^^\n  File "C:\\Users\\Admin\\AppData\\Local\\Programs\\Python\\Python312\\Lib\\site-packages\\httpcore\\_sync\\connection.py", line 103, in handle_request\n    return self._connection.handle_request(request)\n           ^^^^^^^^^^^^^^^^^^^^^^^^^^^^^^^^^^^^^^^^\n  File "C:\\Users\\Admin\\AppData\\Local\\Programs\\Python\\Python312\\Lib\\site-packages\\httpcore\\_sync\\http11.py", line 136, in handle_request\n    raise exc\n  File "C:\\Users\\Admin\\AppData\\Local\\Programs\\Python\\Python312\\Lib\\site-packages\\httpcore\\_sync\\http11.py", line 86, in handle_request\n    self._send_request_headers(**kwargs)\n  File "C:\\Users\\Admin\\AppData\\Local\\Programs\\Python\\Python312\\Lib\\site-packages\\httpcore\\_sync\\http11.py", line 144, in _send_request_headers\n    with map_exceptions({h11.LocalProtocolError: LocalProtocolError}):\n         ^^^^^^^^^^^^^^^^^^^^^^^^^^^^^^^^^^^^^^^^^^^^^^^^^^^^^^^^^^^^\n  File "C:\\Users\\Admin\\AppData\\Local\\Programs\\Python\\Python312\\Lib\\contextlib.py", line 158, in __exit__\n    self.gen.throw(value)\n  File "C:\\Users\\Admin\\AppData\\Local\\Programs\\Python\\Python312\\Lib\\site-packages\\httpcore\\_exceptions.py", line 14, in map_exceptions\n    raise to_exc(exc) from exc\nhttpcore.LocalProtocolError: Illegal header value b\'Bearer \'\n\nThe above exception was the direct cause of the following exception:\n\nTraceback (most recent call last):\n  File "C:\\private\\aibuilder\\api-test-framework\\framework\\runner.py", line 278, in run_case\n    case_result = executor.execute(case, self._context, variables)\n                  ^^^^^^^^^^^^^^^^^^^^^^^^^^^^^^^^^^^^^^^^^^^^^^^^\n  File "C:\\private\\aibuilder\\api-test-framework\\framework\\executors\\http_executor.py", line 92, in execute\n    response = self._http_client.request(rendered_req, variables)\n               ^^^^^^^^^^^^^^^^^^^^^^^^^^^^^^^^^^^^^^^^^^^^^^^^^^\n  File "C:\\private\\aibuilder\\api-test-framework\\framework\\client.py", line 130, in request\n    response = self._send_with_retry(**kwargs)\n               ^^^^^^^^^^^^^^^^^^^^^^^^^^^^^^^\n  File "C:\\private\\aibuilder\\api-test-framework\\framework\\client.py", line 180, in _send_with_retry\n    return send_fn(**kwargs)  # type: ignore[no-any-return]\n           ^^^^^^^^^^^^^^^^^\n  File "C:\\private\\aibuilder\\api-test-framework\\framework\\utils\\retry.py", line 67, in wrapper\n    raise last_exception  # type: ignore[misc]\n    ^^^^^^^^^^^^^^^^^^^^\n  File "C:\\private\\aibuilder\\api-test-framework\\framework\\utils\\retry.py", line 39, in wrapper\n    result = func(*args, **kwargs)\n             ^^^^^^^^^^^^^^^^^^^^^\n  File "C:\\Users\\Admin\\AppData\\Local\\Programs\\Python\\Python312\\Lib\\site-packages\\httpx\\_client.py", line 825, in request\n    return self.send(request, auth=auth, follow_redirects=follow_redirects)\n           ^^^^^^^^^^^^^^^^^^^^^^^^^^^^^^^^^^^^^^^^^^^^^^^^^^^^^^^^^^^^^^^^\n  File "C:\\Users\\Admin\\AppData\\Local\\Programs\\Python\\Python312\\Lib\\site-packages\\httpx\\_client.py", line 914, in send\n    response = self._send_handling_auth(\n               ^^^^^^^^^^^^^^^^^^^^^^^^^\n  File "C:\\Users\\Admin\\AppData\\Local\\Programs\\Python\\Python312\\Lib\\site-packages\\httpx\\_client.py", line 942, in _send_handling_auth\n    response = self._send_handling_redirects(\n               ^^^^^^^^^^^^^^^^^^^^^^^^^^^^^^\n  File "C:\\Users\\Admin\\AppData\\Local\\Programs\\Python\\Python312\\Lib\\site-packages\\httpx\\_client.py", line 979, in _send_handling_redirects\n    response = self._send_single_request(request)\n               ^^^^^^^^^^^^^^^^^^^^^^^^^^^^^^^^^^\n  File "C:\\Users\\Admin\\AppData\\Local\\Programs\\Python\\Python312\\Lib\\site-packages\\httpx\\_client.py", line 1014, in _send_single_request\n    response = transport.handle_request(request)\n               ^^^^^^^^^^^^^^^^^^^^^^^^^^^^^^^^^\n  File "C:\\Users\\Admin\\AppData\\Local\\Programs\\Python\\Python312\\Lib\\site-packages\\httpx\\_transports\\default.py", line 249, in handle_request\n    with map_httpcore_exceptions():\n         ^^^^^^^^^^^^^^^^^^^^^^^^^\n  File "C:\\Users\\Admin\\AppData\\Local\\Programs\\Python\\Python312\\Lib\\contextlib.py", line 158, in __exit__\n    self.gen.throw(value)\n  File "C:\\Users\\Admin\\AppData\\Local\\Programs\\Python\\Python312\\Lib\\site-packages\\httpx\\_transports\\default.py", line 118, in map_httpcore_exceptions\n    raise mapped_exc(message) from exc\nhttpx.LocalProtocolError: Illegal header value b\'Bearer \''}
INFO     framework.runner:runner.py:344 {'case_name': 'DELETE ɾ���û�', 'status': 'FAIL', 'elapsed_ms': 3051, 'error': "Illegal header value b'Bearer '", 'event': 'case_completed', 'trace_id': 'DELETE ɾ���û�-f0accaf7', 'level': 'info', 'logger': 'framework.runner', 'timestamp': '2026-06-04T15:18:39.605590'}
__________________________ �����û�����ӿڲ���::δ��Ȩ���� GET �ӿ� ___________________________
����ʧ��: δ��Ȩ���� GET �ӿ�
�׼�: �����û�����ӿڲ���
ԭ��: 'AssertionReport' object has no attribute 'passed_count'
------------------------------ Captured log call ------------------------------
INFO     framework.parser:parser.py:54 {'filename': 'test_user_api.yaml', 'case_count': 8, 'suite_name': '�����û�����ӿڲ���', 'event': 'file_parsed', 'level': 'info', 'logger': 'framework.parser', 'timestamp': '2026-06-04T15:18:39.615601', 'trace_id': 'a7782038'}
INFO     framework.config:config.py:72 {'event': '���ü������: env=local, base_url=http://127.0.0.1:8011', 'level': 'info', 'logger': 'framework.config', 'timestamp': '2026-06-04T15:18:39.623168', 'trace_id': '50e56031'}
INFO     framework.plugin.manager:manager.py:234 {'event': "�Զ����� 1 �����: ['auth_manager']", 'level': 'info', 'logger': 'framework.plugin.manager', 'timestamp': '2026-06-04T15:18:39.626169', 'trace_id': '6fd2ef46'}
INFO     framework.runner:runner.py:84 {'count': 1, 'names': ['auth_manager'], 'event': 'plugins_loaded', 'level': 'info', 'logger': 'framework.runner', 'timestamp': '2026-06-04T15:18:39.626169', 'trace_id': '42b54c6d'}
INFO     framework.client:client.py:114 {'method': 'GET', 'url': '/api/user', 'body_type': None, 'event': 'request_started', 'trace_id': 'δ��Ȩ���� GET �ӿ�-9699f4a6', 'level': 'info', 'logger': 'framework.client', 'timestamp': '2026-06-04T15:18:39.626169'}
INFO     httpx:_client.py:1025 HTTP Request: GET http://127.0.0.1:8011/api/user "HTTP/1.1 401 Unauthorized"
INFO     framework.client:client.py:138 {'method': 'GET', 'url': '/api/user', 'status_code': 401, 'elapsed_ms': 2, 'content_length': 30, 'event': 'request_completed', 'trace_id': 'δ��Ȩ���� GET �ӿ�-9699f4a6', 'level': 'info', 'logger': 'framework.client', 'timestamp': '2026-06-04T15:18:39.629173'}
WARNING  framework.plugin.auth:auth_manager.py:53 {'event': 'Token �ѹ��ڣ�����: δ��Ȩ���� GET �ӿ�', 'trace_id': 'δ��Ȩ���� GET �ӿ�-9699f4a6', 'level': 'warning', 'logger': 'framework.plugin.auth', 'timestamp': '2026-06-04T15:18:39.645757'}
ERROR    framework.runner:runner.py:331 {'case_name': 'δ��Ȩ���� GET �ӿ�', 'error': "'AssertionReport' object has no attribute 'passed_count'", 'event': 'case_execution_error', 'trace_id': 'δ��Ȩ���� GET �ӿ�-9699f4a6', 'level': 'error', 'logger': 'framework.runner', 'timestamp': '2026-06-04T15:18:39.646759', 'exception': 'Traceback (most recent call last):\n  File "C:\\private\\aibuilder\\api-test-framework\\framework\\runner.py", line 278, in run_case\n    case_result = executor.execute(case, self._context, variables)\n                  ^^^^^^^^^^^^^^^^^^^^^^^^^^^^^^^^^^^^^^^^^^^^^^^^\n  File "C:\\private\\aibuilder\\api-test-framework\\framework\\executors\\http_executor.py", line 108, in execute\n    assertion_report = self._assertion_engine.assert_response(\n                       ^^^^^^^^^^^^^^^^^^^^^^^^^^^^^^^^^^^^^^^\n  File "C:\\private\\aibuilder\\api-test-framework\\framework\\assertion.py", line 270, in assert_response\n    passed=report.passed_count,\n           ^^^^^^^^^^^^^^^^^^^\nAttributeError: \'AssertionReport\' object has no attribute \'passed_count\'. Did you mean: \'pass_count\'?'}
INFO     framework.runner:runner.py:344 {'case_name': 'δ��Ȩ���� GET �ӿ�', 'status': 'FAIL', 'elapsed_ms': 22, 'error': "'AssertionReport' object has no attribute 'passed_count'", 'event': 'case_completed', 'trace_id': 'δ��Ȩ���� GET �ӿ�-9699f4a6', 'level': 'info', 'logger': 'framework.runner', 'timestamp': '2026-06-04T15:18:39.647759'}
__________________________ �����û�����ӿڲ���::δ��Ȩ���� POST �ӿ� __________________________
����ʧ��: δ��Ȩ���� POST �ӿ�
�׼�: �����û�����ӿڲ���
ԭ��: 'AssertionReport' object has no attribute 'passed_count'
------------------------------ Captured log call ------------------------------
INFO     framework.parser:parser.py:54 {'filename': 'test_user_api.yaml', 'case_count': 8, 'suite_name': '�����û�����ӿڲ���', 'event': 'file_parsed', 'level': 'info', 'logger': 'framework.parser', 'timestamp': '2026-06-04T15:18:39.657381', 'trace_id': '1d6d55f4'}
INFO     framework.config:config.py:72 {'event': '���ü������: env=local, base_url=http://127.0.0.1:8011', 'level': 'info', 'logger': 'framework.config', 'timestamp': '2026-06-04T15:18:39.664380', 'trace_id': '5c6f9754'}
INFO     framework.plugin.manager:manager.py:234 {'event': "�Զ����� 1 �����: ['auth_manager']", 'level': 'info', 'logger': 'framework.plugin.manager', 'timestamp': '2026-06-04T15:18:39.667531', 'trace_id': '61b67dd4'}
INFO     framework.runner:runner.py:84 {'count': 1, 'names': ['auth_manager'], 'event': 'plugins_loaded', 'level': 'info', 'logger': 'framework.runner', 'timestamp': '2026-06-04T15:18:39.668486', 'trace_id': 'f5e45aa3'}
INFO     framework.client:client.py:114 {'method': 'POST', 'url': '/api/user', 'body_type': 'json', 'event': 'request_started', 'trace_id': 'δ��Ȩ���� POST �ӿ�-06cfee02', 'level': 'info', 'logger': 'framework.client', 'timestamp': '2026-06-04T15:18:39.668486'}
INFO     httpx:_client.py:1025 HTTP Request: POST http://127.0.0.1:8011/api/user "HTTP/1.1 401 Unauthorized"
INFO     framework.client:client.py:138 {'method': 'POST', 'url': '/api/user', 'status_code': 401, 'elapsed_ms': 2, 'content_length': 30, 'event': 'request_completed', 'trace_id': 'δ��Ȩ���� POST �ӿ�-06cfee02', 'level': 'info', 'logger': 'framework.client', 'timestamp': '2026-06-04T15:18:39.670485'}
WARNING  framework.plugin.auth:auth_manager.py:53 {'event': 'Token �ѹ��ڣ�����: δ��Ȩ���� POST �ӿ�', 'trace_id': 'δ��Ȩ���� POST �ӿ�-06cfee02', 'level': 'warning', 'logger': 'framework.plugin.auth', 'timestamp': '2026-06-04T15:18:39.724692'}
ERROR    framework.runner:runner.py:331 {'case_name': 'δ��Ȩ���� POST �ӿ�', 'error': "'AssertionReport' object has no attribute 'passed_count'", 'event': 'case_execution_error', 'trace_id': 'δ��Ȩ���� POST �ӿ�-06cfee02', 'level': 'error', 'logger': 'framework.runner', 'timestamp': '2026-06-04T15:18:39.724692', 'exception': 'Traceback (most recent call last):\n  File "C:\\private\\aibuilder\\api-test-framework\\framework\\runner.py", line 278, in run_case\n    case_result = executor.execute(case, self._context, variables)\n                  ^^^^^^^^^^^^^^^^^^^^^^^^^^^^^^^^^^^^^^^^^^^^^^^^\n  File "C:\\private\\aibuilder\\api-test-framework\\framework\\executors\\http_executor.py", line 108, in execute\n    assertion_report = self._assertion_engine.assert_response(\n                       ^^^^^^^^^^^^^^^^^^^^^^^^^^^^^^^^^^^^^^^\n  File "C:\\private\\aibuilder\\api-test-framework\\framework\\assertion.py", line 270, in assert_response\n    passed=report.passed_count,\n           ^^^^^^^^^^^^^^^^^^^\nAttributeError: \'AssertionReport\' object has no attribute \'passed_count\'. Did you mean: \'pass_count\'?'}
INFO     framework.runner:runner.py:344 {'case_name': 'δ��Ȩ���� POST �ӿ�', 'status': 'FAIL', 'elapsed_ms': 57, 'error': "'AssertionReport' object has no attribute 'passed_count'", 'event': 'case_completed', 'trace_id': 'δ��Ȩ���� POST �ӿ�-06cfee02', 'level': 'info', 'logger': 'framework.runner', 'timestamp': '2026-06-04T15:18:39.725696'}
=========================== short test summary info ===========================
FAILED testcases/local/test_user_api.yaml::��¼��ȡ JWT Token - TypeError: Formatter.__init__() got an unexpected keyword argument 'keep_processors'
FAILED testcases/local/test_user_api.yaml::GET ��ѯĬ���û�
FAILED testcases/local/test_user_api.yaml::GET ��ѯָ���û�
FAILED testcases/local/test_user_api.yaml::POST �����û�
FAILED testcases/local/test_user_api.yaml::PUT �����û�
FAILED testcases/local/test_user_api.yaml::DELETE ɾ���û�
FAILED testcases/local/test_user_api.yaml::δ��Ȩ���� GET �ӿ�
FAILED testcases/local/test_user_api.yaml::δ��Ȩ���� POST �ӿ�
============================= 8 failed in 15.59s ==============================
